Archive member included to satisfy reference by file (symbol)

app/libapp.a(common.cpp.obj)  (--whole-archive)
app/libapp.a(controller.cpp.obj)
                              (--whole-archive)
app/libapp.a(main.cpp.obj)    (--whole-archive)
app/libapp.a(pressure.cpp.obj)
                              (--whole-archive)
app/libapp.a(state_machine.cpp.obj)
                              (--whole-archive)
zephyr/libzephyr.a(cpp_init.c.obj)
                              (--whole-archive)
zephyr/libzephyr.a(cpp_init_array.c.obj)
                              (--whole-archive)
zephyr/libzephyr.a(cpp_ctors.c.obj)
                              (--whole-archive)
zephyr/libzephyr.a(cpp_dtors.c.obj)
                              (--whole-archive)
zephyr/libzephyr.a(cbprintf_packaged.c.obj)
                              (--whole-archive)
zephyr/libzephyr.a(dec.c.obj)
                              (--whole-archive)
zephyr/libzephyr.a(hex.c.obj)
                              (--whole-archive)
zephyr/libzephyr.a(printk.c.obj)
                              (--whole-archive)
zephyr/libzephyr.a(rb.c.obj)  (--whole-archive)
zephyr/libzephyr.a(sem.c.obj)
                              (--whole-archive)
zephyr/libzephyr.a(thread_entry.c.obj)
                              (--whole-archive)
zephyr/libzephyr.a(timeutil.c.obj)
                              (--whole-archive)
zephyr/libzephyr.a(heap.c.obj)
                              (--whole-archive)
zephyr/libzephyr.a(heap-validate.c.obj)
                              (--whole-archive)
zephyr/libzephyr.a(bitarray.c.obj)
                              (--whole-archive)
zephyr/libzephyr.a(multi_heap.c.obj)
                              (--whole-archive)
zephyr/libzephyr.a(cbprintf_complete.c.obj)
                              (--whole-archive)
zephyr/libzephyr.a(cbprintf.c.obj)
                              (--whole-archive)
zephyr/libzephyr.a(assert.c.obj)
                              (--whole-archive)
zephyr/libzephyr.a(configs.c.obj)
                              (--whole-archive)
zephyr/libzephyr.a(tracing_none.c.obj)
                              (--whole-archive)
zephyr/arch/arch/x86/core/libarch__x86__core.a(cpuhalt.c.obj)
                              (--whole-archive)
zephyr/arch/arch/x86/core/libarch__x86__core.a(prep_c.c.obj)
                              (--whole-archive)
zephyr/arch/arch/x86/core/libarch__x86__core.a(fatal.c.obj)
                              (--whole-archive)
zephyr/arch/arch/x86/core/libarch__x86__core.a(cpuid.c.obj)
                              (--whole-archive)
zephyr/arch/arch/x86/core/libarch__x86__core.a(spec_ctrl.c.obj)
                              (--whole-archive)
zephyr/arch/arch/x86/core/libarch__x86__core.a(memmap.c.obj)
                              (--whole-archive)
zephyr/arch/arch/x86/core/libarch__x86__core.a(multiboot.c.obj)
                              (--whole-archive)
zephyr/arch/arch/x86/core/libarch__x86__core.a(x86_mmu.c.obj)
                              (--whole-archive)
zephyr/arch/arch/x86/core/libarch__x86__core.a(early_serial.c.obj)
                              (--whole-archive)
zephyr/arch/arch/x86/core/libarch__x86__core.a(crt0.S.obj)
                              (--whole-archive)
zephyr/arch/arch/x86/core/libarch__x86__core.a(excstub.S.obj)
                              (--whole-archive)
zephyr/arch/arch/x86/core/libarch__x86__core.a(intstub.S.obj)
                              (--whole-archive)
zephyr/arch/arch/x86/core/libarch__x86__core.a(irq_manage.c.obj)
                              (--whole-archive)
zephyr/arch/arch/x86/core/libarch__x86__core.a(swap.S.obj)
                              (--whole-archive)
zephyr/arch/arch/x86/core/libarch__x86__core.a(thread.c.obj)
                              (--whole-archive)
zephyr/arch/arch/x86/core/libarch__x86__core.a(fatal.c.obj)
                              (--whole-archive)
zephyr/arch/arch/x86/core/libarch__x86__core.a(soft_float_stubs.c.obj)
                              (--whole-archive)
zephyr/lib/libc/newlib/liblib__libc__newlib.a(libc-hooks.c.obj)
                              (--whole-archive)
zephyr/lib/libc/common/liblib__libc__common.a(abort.c.obj)
                              (--whole-archive)
zephyr/lib/smf/liblib__smf.a(smf.c.obj)
                              (--whole-archive)
zephyr/subsys/random/libsubsys__random.a(rand32_timer.c.obj)
                              (--whole-archive)
zephyr/drivers/interrupt_controller/libdrivers__interrupt_controller.a(intc_ioapic.c.obj)
                              (--whole-archive)
zephyr/drivers/interrupt_controller/libdrivers__interrupt_controller.a(intc_loapic.c.obj)
                              (--whole-archive)
zephyr/drivers/interrupt_controller/libdrivers__interrupt_controller.a(intc_system_apic.c.obj)
                              (--whole-archive)
zephyr/drivers/console/libdrivers__console.a(uart_console.c.obj)
                              (--whole-archive)
[...]
Memory Configuration

Name             Origin             Length             Attributes
RAM              0x0000000000100000 0x0000000001f00000 xw
IDT_LIST         0x00000000ffff1000 0x0000000000000800
*default*        0x0000000000000000 0xffffffffffffffff

Linker script and memory map

LOAD zephyr/CMakeFiles/zephyr_final.dir/misc/empty_file.c.obj
LOAD zephyr/CMakeFiles/offsets.dir/./arch/x86/core/offsets/offsets.c.obj
LOAD zephyr/arch/arch/x86/staticIdt.o
LOAD zephyr/arch/arch/x86/irq_int_vector_map.o
LOAD zephyr/arch/arch/x86/irq_vectors_alloc.o
LOAD zephyr/arch/arch/x86/pagetables.o
LOAD app/libapp.a
LOAD zephyr/libzephyr.a
LOAD zephyr/arch/arch/x86/core/libarch__x86__core.a
LOAD zephyr/lib/libc/newlib/liblib__libc__newlib.a
LOAD zephyr/lib/libc/common/liblib__libc__common.a
LOAD zephyr/lib/smf/liblib__smf.a
LOAD zephyr/subsys/random/libsubsys__random.a
LOAD zephyr/drivers/interrupt_controller/libdrivers__interrupt_controller.a
LOAD zephyr/drivers/console/libdrivers__console.a
LOAD zephyr/drivers/serial/libdrivers__serial.a
LOAD zephyr/drivers/timer/libdrivers__timer.a
LOAD zephyr/kernel/libkernel.a
LOAD /Users/niccologatti/zephyr-sdk-0.16.3/x86_64-zephyr-elf/bin/../lib/gcc/x86_64-zephyr-elf/12.2.0/32/soft-float/libgcc.a
LOAD /Users/niccologatti/zephyr-sdk-0.16.3/x86_64-zephyr-elf/x86_64-zephyr-elf/lib/32/soft-float/libstdc++.a
LOAD /Users/niccologatti/zephyr-sdk-0.16.3/x86_64-zephyr-elf/x86_64-zephyr-elf/lib/32/soft-float/libm.a
LOAD /Users/niccologatti/zephyr-sdk-0.16.3/x86_64-zephyr-elf/x86_64-zephyr-elf/lib/32/soft-float/libc.a
LOAD /Users/niccologatti/zephyr-sdk-0.16.3/x86_64-zephyr-elf/bin/../lib/gcc/x86_64-zephyr-elf/12.2.0/32/soft-float/libgcc.a
LOAD /Users/niccologatti/zephyr-sdk-0.16.3/x86_64-zephyr-elf/x86_64-zephyr-elf/lib/32/soft-float/libc.a
                0x0000000000100000                epoint = (__start - 0x0)

.rel.plt        0x0000000000000000        0x0
 *(SORT_BY_ALIGNMENT(.rel.plt))
                [!provide]                        PROVIDE (__rel_iplt_start = .)
 *(SORT_BY_ALIGNMENT(.rel.iplt))
 .rel.iplt      0x0000000000000000        0x0 zephyr/CMakeFiles/zephyr_final.dir/misc/empty_file.c.obj
                [!provide]                        PROVIDE (__rel_iplt_end = .)

.rela.plt       0x0000000000000000        0x0
 *(SORT_BY_ALIGNMENT(.rela.plt))
                [!provide]                        PROVIDE (__rela_iplt_start = .)
 *(SORT_BY_ALIGNMENT(.rela.iplt))
                [!provide]                        PROVIDE (__rela_iplt_end = .)

.rel.dyn        0x0000000000000000        0x0
 *(SORT_BY_ALIGNMENT(.rel.*))
 .rel.got       0x0000000000000000        0x0 zephyr/CMakeFiles/zephyr_final.dir/misc/empty_file.c.obj
 .rel.text.__do_init_array_aux
                0x0000000000000000        0x0 zephyr/CMakeFiles/zephyr_final.dir/misc/empty_file.c.obj
 .rel.text.__do_global_ctors_aux
                0x0000000000000000        0x0 zephyr/CMakeFiles/zephyr_final.dir/misc/empty_file.c.obj
 .rel.text.z_multiboot_init
                0x0000000000000000        0x0 zephyr/CMakeFiles/zephyr_final.dir/misc/empty_file.c.obj
 .rel.text.range_map_unlocked.isra.0
                0x0000000000000000        0x0 zephyr/CMakeFiles/zephyr_final.dir/misc/empty_file.c.obj
 .rel.text.arch_reserved_pages_update
                0x0000000000000000        0x0 zephyr/CMakeFiles/zephyr_final.dir/misc/empty_file.c.obj
 .rel.text.__start
                0x0000000000000000        0x0 zephyr/CMakeFiles/zephyr_final.dir/misc/empty_file.c.obj
 .rel.text.sys_clock_driver_init
                0x0000000000000000        0x0 zephyr/CMakeFiles/zephyr_final.dir/misc/empty_file.c.obj
 .rel.text.z_fatal_error
                0x0000000000000000        0x0 zephyr/CMakeFiles/zephyr_final.dir/misc/empty_file.c.obj
 .rel.text.z_bss_zero
                0x0000000000000000        0x0 zephyr/CMakeFiles/zephyr_final.dir/misc/empty_file.c.obj
 .rel.rodata.levels.0
                0x0000000000000000        0x0 zephyr/CMakeFiles/zephyr_final.dir/misc/empty_file.c.obj
 .rel.text.z_init_static_threads
                0x0000000000000000        0x0 zephyr/CMakeFiles/zephyr_final.dir/misc/empty_file.c.obj
 .rel.text.virt_region_free
                0x0000000000000000        0x0 zephyr/CMakeFiles/zephyr_final.dir/misc/empty_file.c.obj
 .rel.text.virt_region_alloc
                0x0000000000000000        0x0 zephyr/CMakeFiles/zephyr_final.dir/misc/empty_file.c.obj
 .rel.text.z_phys_map
                0x0000000000000000        0x0 zephyr/CMakeFiles/zephyr_final.dir/misc/empty_file.c.obj
 .rel.text.z_mem_manage_init
                0x0000000000000000        0x0 zephyr/CMakeFiles/zephyr_final.dir/misc/empty_file.c.obj
 .rel.text._vfprintf_r
                0x0000000000000000        0x0 zephyr/CMakeFiles/zephyr_final.dir/misc/empty_file.c.obj

.rela.dyn
 *(SORT_BY_ALIGNMENT(.rela.*))

/DISCARD/
 *(SORT_BY_ALIGNMENT(.plt))

/DISCARD/
 *(SORT_BY_ALIGNMENT(.iplt))
                0x0000000000000000                . = ALIGN (0x8)

text            0x0000000000100000    0x10000
                0x0000000000100000                __text_region_start = .
                0x0000000000100000                z_mapped_start = .
                0x0000000000100000                __rom_start_address = .
 FILL mask 0x00
                0x0000000000100000                . = (. + (0x0 - (. - __rom_start_address)))
                0x0000000000100000                . = ALIGN (0x4)
 *(SORT_BY_ALIGNMENT(.text.__start))
 .text.__start  0x0000000000100000       0xba zephyr/arch/arch/x86/core/libarch__x86__core.a(crt0.S.obj)
                0x0000000000100000                __start
                0x00000000001000b4                z_x86_idt
 *(SORT_BY_ALIGNMENT(.text.irqstubs))
 .text.irqstubs
                0x00000000001000ba        0xc zephyr/drivers/timer/libdrivers__timer.a(hpet.c.obj)
                0x00000000001000ba                hpet_isr_irq2_stub
 *(SORT_BY_ALIGNMENT(.gnu.linkonce.t.exc_*_stub))
 .gnu.linkonce.t.exc_14_stub
                0x00000000001000c6        0xa zephyr/arch/arch/x86/core/libarch__x86__core.a(fatal.c.obj)
                0x00000000001000c6                _z_x86_page_fault_handler_vector_14_stub
 *(SORT_BY_ALIGNMENT(.text))
 .text          0x00000000001000d0       0x79 /Users/niccologatti/zephyr-sdk-0.16.3/x86_64-zephyr-elf/x86_64-zephyr-elf/lib/32/soft-float/libc.a(lib_a-strlen.o)
                0x00000000001000d0                strlen
 *fill*         0x0000000000100149        0x7 00
 .text          0x0000000000100150       0x95 /Users/niccologatti/zephyr-sdk-0.16.3/x86_64-zephyr-elf/x86_64-zephyr-elf/lib/32/soft-float/libc.a(lib_a-memchr.o)
                0x0000000000100150                memchr
 *fill*         0x00000000001001e5        0xb 00
 .text          0x00000000001001f0       0x8d /Users/niccologatti/zephyr-sdk-0.16.3/x86_64-zephyr-elf/x86_64-zephyr-elf/lib/32/soft-float/libc.a(lib_a-memmove.o)
                0x00000000001001f0                memmove
 *fill*         0x000000000010027d        0x3 00
 .text          0x0000000000100280       0x48 /Users/niccologatti/zephyr-sdk-0.16.3/x86_64-zephyr-elf/x86_64-zephyr-elf/lib/32/soft-float/libc.a(lib_a-memcpy.o)
                0x0000000000100280                memcpy
 .text          0x00000000001002c8       0xf2 /Users/niccologatti/zephyr-sdk-0.16.3/x86_64-zephyr-elf/bin/../lib/gcc/x86_64-zephyr-elf/12.2.0/32/soft-float/libgcc.a(_udivdi3.o)
                0x00000000001002c8                __udivdi3
 .text          0x00000000001003ba      0x17b /Users/niccologatti/zephyr-sdk-0.16.3/x86_64-zephyr-elf/bin/../lib/gcc/x86_64-zephyr-elf/12.2.0/32/soft-float/libgcc.a(_udivmoddi4.o)
                0x00000000001003ba                __udivmoddi4
 .text          0x0000000000100535       0xc6 /Users/niccologatti/zephyr-sdk-0.16.3/x86_64-zephyr-elf/bin/../lib/gcc/x86_64-zephyr-elf/12.2.0/32/soft-float/libgcc.a(gesf2.o)
                0x0000000000100535                __gtsf2
                0x0000000000100535                __gesf2
 .text          0x00000000001005fb      0x55f /Users/niccologatti/zephyr-sdk-0.16.3/x86_64-zephyr-elf/bin/../lib/gcc/x86_64-zephyr-elf/12.2.0/32/soft-float/libgcc.a(divdf3.o)
                0x00000000001005fb                __divdf3
 .text          0x0000000000100b5a      0x4ba /Users/niccologatti/zephyr-sdk-0.16.3/x86_64-zephyr-elf/bin/../lib/gcc/x86_64-zephyr-elf/12.2.0/32/soft-float/libgcc.a(muldf3.o)
                0x0000000000100b5a                __muldf3
 .text          0x0000000000101014      0x867 /Users/niccologatti/zephyr-sdk-0.16.3/x86_64-zephyr-elf/bin/../lib/gcc/x86_64-zephyr-elf/12.2.0/32/soft-float/libgcc.a(subdf3.o)
                0x0000000000101014                __subdf3
 .text          0x000000000010187b       0x6c /Users/niccologatti/zephyr-sdk-0.16.3/x86_64-zephyr-elf/bin/../lib/gcc/x86_64-zephyr-elf/12.2.0/32/soft-float/libgcc.a(floatsidf.o)
                0x000000000010187b                __floatsidf
 .text          0x00000000001018e7       0x53 /Users/niccologatti/zephyr-sdk-0.16.3/x86_64-zephyr-elf/bin/../lib/gcc/x86_64-zephyr-elf/12.2.0/32/soft-float/libgcc.a(floatunsidf.o)
                0x00000000001018e7                __floatunsidf
 .text          0x000000000010193a       0x9f /Users/niccologatti/zephyr-sdk-0.16.3/x86_64-zephyr-elf/bin/../lib/gcc/x86_64-zephyr-elf/12.2.0/32/soft-float/libgcc.a(extendsfdf2.o)
                0x000000000010193a                __extendsfdf2
 .text          0x00000000001019d9      0x161 /Users/niccologatti/zephyr-sdk-0.16.3/x86_64-zephyr-elf/bin/../lib/gcc/x86_64-zephyr-elf/12.2.0/32/soft-float/libgcc.a(truncdfsf2.o)
                0x00000000001019d9                __truncdfsf2
 .text          0x0000000000101b3a       0x88 /Users/niccologatti/zephyr-sdk-0.16.3/x86_64-zephyr-elf/x86_64-zephyr-elf/lib/32/soft-float/libc.a(lib_a-memset.o)
                0x0000000000101b3a                memset
 .text          0x0000000000101bc2      0x86b /Users/niccologatti/zephyr-sdk-0.16.3/x86_64-zephyr-elf/bin/../lib/gcc/x86_64-zephyr-elf/12.2.0/32/soft-float/libgcc.a(adddf3.o)
                0x0000000000101bc2                __adddf3
 .text          0x000000000010242d       0xb9 /Users/niccologatti/zephyr-sdk-0.16.3/x86_64-zephyr-elf/bin/../lib/gcc/x86_64-zephyr-elf/12.2.0/32/soft-float/libgcc.a(eqdf2.o)
                0x000000000010242d                __eqdf2
                0x000000000010242d                __nedf2
 .text          0x00000000001024e6      0x14b /Users/niccologatti/zephyr-sdk-0.16.3/x86_64-zephyr-elf/bin/../lib/gcc/x86_64-zephyr-elf/12.2.0/32/soft-float/libgcc.a(gedf2.o)
                0x00000000001024e6                __gtdf2
                0x00000000001024e6                __gedf2
 .text          0x0000000000102631      0x14b /Users/niccologatti/zephyr-sdk-0.16.3/x86_64-zephyr-elf/bin/../lib/gcc/x86_64-zephyr-elf/12.2.0/32/soft-float/libgcc.a(ledf2.o)
                0x0000000000102631                __ltdf2
                0x0000000000102631                __ledf2
 .text          0x000000000010277c       0x70 /Users/niccologatti/zephyr-sdk-0.16.3/x86_64-zephyr-elf/bin/../lib/gcc/x86_64-zephyr-elf/12.2.0/32/soft-float/libgcc.a(unorddf2.o)
                0x000000000010277c                __unorddf2
 .text          0x00000000001027ec       0x75 /Users/niccologatti/zephyr-sdk-0.16.3/x86_64-zephyr-elf/bin/../lib/gcc/x86_64-zephyr-elf/12.2.0/32/soft-float/libgcc.a(fixdfsi.o)
                0x00000000001027ec                __fixdfsi
 *(SORT_BY_ALIGNMENT(.text.*))
 *fill*         0x0000000000102861        0xf 00
 .text.malloc   0x0000000000102870       0x1a /Users/niccologatti/zephyr-sdk-0.16.3/x86_64-zephyr-elf/x86_64-zephyr-elf/lib/32/soft-float/libc.a(lib_a-malloc.o)
                0x0000000000102870                malloc
 *fill*         0x000000000010288a        0x6 00
 .text.free     0x0000000000102890       0x1d /Users/niccologatti/zephyr-sdk-0.16.3/x86_64-zephyr-elf/x86_64-zephyr-elf/lib/32/soft-float/libc.a(lib_a-malloc.o)
                0x0000000000102890                free
 *fill*         0x00000000001028ad        0x3 00
 .text._malloc_r
                0x00000000001028b0      0x800 /Users/niccologatti/zephyr-sdk-0.16.3/x86_64-zephyr-elf/x86_64-zephyr-elf/lib/32/soft-float/libc.a(lib_a-mallocr.o)
                0x00000000001028b0                _malloc_r
 .text.__malloc_lock
                0x00000000001030b0       0x10 /Users/niccologatti/zephyr-sdk-0.16.3/x86_64-zephyr-elf/x86_64-zephyr-elf/lib/32/soft-float/libc.a(lib_a-mlock.o)
                0x00000000001030b0                __malloc_lock
 .text.__malloc_unlock
                0x00000000001030c0       0x10 /Users/niccologatti/zephyr-sdk-0.16.3/x86_64-zephyr-elf/x86_64-zephyr-elf/lib/32/soft-float/libc.a(lib_a-mlock.o)
                0x00000000001030c0                __malloc_unlock
 .text.printf   0x00000000001030d0       0x21 /Users/niccologatti/zephyr-sdk-0.16.3/x86_64-zephyr-elf/x86_64-zephyr-elf/lib/32/soft-float/libc.a(lib_a-printf.o)
                0x00000000001030d0                printf
 *fill*         0x00000000001030f1        0xf 00
 .text._sbrk_r  0x0000000000103100       0x3b /Users/niccologatti/zephyr-sdk-0.16.3/x86_64-zephyr-elf/x86_64-zephyr-elf/lib/32/soft-float/libc.a(lib_a-sbrkr.o)
                0x0000000000103100                _sbrk_r
 *fill*         0x000000000010313b        0x5 00
 .text.strnlen  0x0000000000103140       0x2f /Users/niccologatti/zephyr-sdk-0.16.3/x86_64-zephyr-elf/x86_64-zephyr-elf/lib/32/soft-float/libc.a(lib_a-strnlen.o)
                0x0000000000103140                strnlen
 *fill*         0x000000000010316f        0x1 00
 .text._vfprintf_r
                0x0000000000103170     0x31a1 /Users/niccologatti/zephyr-sdk-0.16.3/x86_64-zephyr-elf/x86_64-zephyr-elf/lib/32/soft-float/libc.a(lib_a-vfprintf.o)
                0x0000000000103170                _vfprintf_r
 *fill*         0x0000000000106311        0xf 00
 .text.__sbprintf
                0x0000000000106320       0xf3 /Users/niccologatti/zephyr-sdk-0.16.3/x86_64-zephyr-elf/x86_64-zephyr-elf/lib/32/soft-float/libc.a(lib_a-vfprintf.o)
 *fill*         0x0000000000106413        0xd 00
 .text.__swsetup_r
                0x0000000000106420      0x111 /Users/niccologatti/zephyr-sdk-0.16.3/x86_64-zephyr-elf/x86_64-zephyr-elf/lib/32/soft-float/libc.a(lib_a-wsetup.o)
                0x0000000000106420                __swsetup_r
 *fill*         0x0000000000106531        0xf 00
 .text.quorem   0x0000000000106540      0x1fa /Users/niccologatti/zephyr-sdk-0.16.3/x86_64-zephyr-elf/x86_64-zephyr-elf/lib/32/soft-float/libc.a(lib_a-dtoa.o)
 *fill*         0x000000000010673a        0x6 00
 .text._dtoa_r  0x0000000000106740     0x1657 /Users/niccologatti/zephyr-sdk-0.16.3/x86_64-zephyr-elf/x86_64-zephyr-elf/lib/32/soft-float/libc.a(lib_a-dtoa.o)
                0x0000000000106740                _dtoa_r
 *fill*         0x0000000000107d97        0x9 00
 .text.__sflush_r
                0x0000000000107da0      0x1ba /Users/niccologatti/zephyr-sdk-0.16.3/x86_64-zephyr-elf/x86_64-zephyr-elf/lib/32/soft-float/libc.a(lib_a-fflush.o)
                0x0000000000107da0                __sflush_r
 *fill*         0x0000000000107f5a        0x6 00
 .text._fflush_r
                0x0000000000107f60       0xa4 /Users/niccologatti/zephyr-sdk-0.16.3/x86_64-zephyr-elf/x86_64-zephyr-elf/lib/32/soft-float/libc.a(lib_a-fflush.o)
                0x0000000000107f60                _fflush_r
 *fill*         0x0000000000108004        0xc 00
 .text._cleanup_r
                0x0000000000108010       0x1b /Users/niccologatti/zephyr-sdk-0.16.3/x86_64-zephyr-elf/x86_64-zephyr-elf/lib/32/soft-float/libc.a(lib_a-findfp.o)
                0x0000000000108010                _cleanup_r
 *fill*         0x000000000010802b        0x5 00
 .text.__sinit  0x0000000000108030      0x1c0 /Users/niccologatti/zephyr-sdk-0.16.3/x86_64-zephyr-elf/x86_64-zephyr-elf/lib/32/soft-float/libc.a(lib_a-findfp.o)
                0x0000000000108030                __sinit
 .text._malloc_trim_r
                0x00000000001081f0       0xec /Users/niccologatti/zephyr-sdk-0.16.3/x86_64-zephyr-elf/x86_64-zephyr-elf/lib/32/soft-float/libc.a(lib_a-freer.o)
                0x00000000001081f0                _malloc_trim_r
 *fill*         0x00000000001082dc        0x4 00
 .text._free_r  0x00000000001082e0      0x2fe /Users/niccologatti/zephyr-sdk-0.16.3/x86_64-zephyr-elf/x86_64-zephyr-elf/lib/32/soft-float/libc.a(lib_a-freer.o)
                0x00000000001082e0                _free_r
 *fill*         0x00000000001085de        0x2 00
 .text._fwalk_reent
                0x00000000001085e0       0x68 /Users/niccologatti/zephyr-sdk-0.16.3/x86_64-zephyr-elf/x86_64-zephyr-elf/lib/32/soft-float/libc.a(lib_a-fwalk.o)
                0x00000000001085e0                _fwalk_reent
 *fill*         0x0000000000108648        0x8 00
 .text._localeconv_r
                0x0000000000108650        0x6 /Users/niccologatti/zephyr-sdk-0.16.3/x86_64-zephyr-elf/x86_64-zephyr-elf/lib/32/soft-float/libc.a(lib_a-localeconv.o)
                0x0000000000108650                _localeconv_r
 *fill*         0x0000000000108656        0xa 00
 .text.__smakebuf_r
                0x0000000000108660      0x10b /Users/niccologatti/zephyr-sdk-0.16.3/x86_64-zephyr-elf/x86_64-zephyr-elf/lib/32/soft-float/libc.a(lib_a-makebuf.o)
                0x0000000000108660                __smakebuf_r
 *fill*         0x000000000010876b        0x5 00
 .text._Balloc  0x0000000000108770       0x89 /Users/niccologatti/zephyr-sdk-0.16.3/x86_64-zephyr-elf/x86_64-zephyr-elf/lib/32/soft-float/libc.a(lib_a-mprec.o)
                0x0000000000108770                _Balloc
 *fill*         0x00000000001087f9        0x7 00
 .text._Bfree   0x0000000000108800       0x1e /Users/niccologatti/zephyr-sdk-0.16.3/x86_64-zephyr-elf/x86_64-zephyr-elf/lib/32/soft-float/libc.a(lib_a-mprec.o)
                0x0000000000108800                _Bfree
 *fill*         0x000000000010881e        0x2 00
 .text.__multadd
                0x0000000000108820       0xef /Users/niccologatti/zephyr-sdk-0.16.3/x86_64-zephyr-elf/x86_64-zephyr-elf/lib/32/soft-float/libc.a(lib_a-mprec.o)
                0x0000000000108820                __multadd
 *fill*         0x000000000010890f        0x1 00
 .text.__hi0bits
                0x0000000000108910       0x67 /Users/niccologatti/zephyr-sdk-0.16.3/x86_64-zephyr-elf/x86_64-zephyr-elf/lib/32/soft-float/libc.a(lib_a-mprec.o)
                0x0000000000108910                __hi0bits
 *fill*         0x0000000000108977        0x9 00
 .text.__lo0bits
                0x0000000000108980       0x86 /Users/niccologatti/zephyr-sdk-0.16.3/x86_64-zephyr-elf/x86_64-zephyr-elf/lib/32/soft-float/libc.a(lib_a-mprec.o)
                0x0000000000108980                __lo0bits
 *fill*         0x0000000000108a06        0xa 00
 .text.__i2b    0x0000000000108a10       0x8a /Users/niccologatti/zephyr-sdk-0.16.3/x86_64-zephyr-elf/x86_64-zephyr-elf/lib/32/soft-float/libc.a(lib_a-mprec.o)
                0x0000000000108a10                __i2b
 *fill*         0x0000000000108a9a        0x6 00
 .text.__multiply
                0x0000000000108aa0      0x24f /Users/niccologatti/zephyr-sdk-0.16.3/x86_64-zephyr-elf/x86_64-zephyr-elf/lib/32/soft-float/libc.a(lib_a-mprec.o)
                0x0000000000108aa0                __multiply
 *fill*         0x0000000000108cef        0x1 00
 .text.__pow5mult
                0x0000000000108cf0      0x120 /Users/niccologatti/zephyr-sdk-0.16.3/x86_64-zephyr-elf/x86_64-zephyr-elf/lib/32/soft-float/libc.a(lib_a-mprec.o)
                0x0000000000108cf0                __pow5mult
 .text.__lshift
                0x0000000000108e10      0x152 /Users/niccologatti/zephyr-sdk-0.16.3/x86_64-zephyr-elf/x86_64-zephyr-elf/lib/32/soft-float/libc.a(lib_a-mprec.o)
                0x0000000000108e10                __lshift
 *fill*         0x0000000000108f62        0xe 00
 .text.__mcmp   0x0000000000108f70       0x4d /Users/niccologatti/zephyr-sdk-0.16.3/x86_64-zephyr-elf/x86_64-zephyr-elf/lib/32/soft-float/libc.a(lib_a-mprec.o)
                0x0000000000108f70                __mcmp
 *fill*         0x0000000000108fbd        0x3 00
 .text.__mdiff  0x0000000000108fc0      0x29f /Users/niccologatti/zephyr-sdk-0.16.3/x86_64-zephyr-elf/x86_64-zephyr-elf/lib/32/soft-float/libc.a(lib_a-mprec.o)
                0x0000000000108fc0                __mdiff
 *fill*         0x000000000010925f        0x1 00
 .text.__d2b    0x0000000000109260      0x133 /Users/niccologatti/zephyr-sdk-0.16.3/x86_64-zephyr-elf/x86_64-zephyr-elf/lib/32/soft-float/libc.a(lib_a-mprec.o)
                0x0000000000109260                __d2b
 *fill*         0x0000000000109393        0xd 00
 .text.frexp    0x00000000001093a0       0x7c /Users/niccologatti/zephyr-sdk-0.16.3/x86_64-zephyr-elf/x86_64-zephyr-elf/lib/32/soft-float/libc.a(lib_a-s_frexp.o)
                0x00000000001093a0                frexp
 *fill*         0x000000000010941c        0x4 00
 .text.__sread  0x0000000000109420       0x49 /Users/niccologatti/zephyr-sdk-0.16.3/x86_64-zephyr-elf/x86_64-zephyr-elf/lib/32/soft-float/libc.a(lib_a-stdio.o)
                0x0000000000109420                __sread
 *fill*         0x0000000000109469        0x7 00
 .text.__swrite
                0x0000000000109470       0x5d /Users/niccologatti/zephyr-sdk-0.16.3/x86_64-zephyr-elf/x86_64-zephyr-elf/lib/32/soft-float/libc.a(lib_a-stdio.o)
                0x0000000000109470                __swrite
 *fill*         0x00000000001094cd        0x3 00
 .text.__sseek  0x00000000001094d0       0x4e /Users/niccologatti/zephyr-sdk-0.16.3/x86_64-zephyr-elf/x86_64-zephyr-elf/lib/32/soft-float/libc.a(lib_a-stdio.o)
                0x00000000001094d0                __sseek
 *fill*         0x000000000010951e        0x2 00
 .text.__sclose
                0x0000000000109520       0x13 /Users/niccologatti/zephyr-sdk-0.16.3/x86_64-zephyr-elf/x86_64-zephyr-elf/lib/32/soft-float/libc.a(lib_a-stdio.o)
                0x0000000000109520                __sclose
 *fill*         0x0000000000109533        0xd 00
 .text.strncpy  0x0000000000109540       0x91 /Users/niccologatti/zephyr-sdk-0.16.3/x86_64-zephyr-elf/x86_64-zephyr-elf/lib/32/soft-float/libc.a(lib_a-strncpy.o)
                0x0000000000109540                strncpy
 *fill*         0x00000000001095d1        0xf 00
 .text.__sprint_r
                0x00000000001095e0       0x47 /Users/niccologatti/zephyr-sdk-0.16.3/x86_64-zephyr-elf/x86_64-zephyr-elf/lib/32/soft-float/libc.a(lib_a-vfiprintf.o)
                0x00000000001095e0                __sprint_r
 *fill*         0x0000000000109627        0x9 00
 .text._vfiprintf_r
                0x0000000000109630     0x19dc /Users/niccologatti/zephyr-sdk-0.16.3/x86_64-zephyr-elf/x86_64-zephyr-elf/lib/32/soft-float/libc.a(lib_a-vfiprintf.o)
                0x0000000000109630                _vfiprintf_r
 *fill*         0x000000000010b00c        0x4 00
 .text.__sbprintf
                0x000000000010b010       0xf3 /Users/niccologatti/zephyr-sdk-0.16.3/x86_64-zephyr-elf/x86_64-zephyr-elf/lib/32/soft-float/libc.a(lib_a-vfiprintf.o)
 *fill*         0x000000000010b103        0xd 00
 .text._write_r
                0x000000000010b110       0x43 /Users/niccologatti/zephyr-sdk-0.16.3/x86_64-zephyr-elf/x86_64-zephyr-elf/lib/32/soft-float/libc.a(lib_a-writer.o)
                0x000000000010b110                _write_r
 *fill*         0x000000000010b153        0xd 00
 .text.__assert_func
                0x000000000010b160       0x45 /Users/niccologatti/zephyr-sdk-0.16.3/x86_64-zephyr-elf/x86_64-zephyr-elf/lib/32/soft-float/libc.a(lib_a-assert.o)
                0x000000000010b160                __assert_func
 *fill*         0x000000000010b1a5        0xb 00
 .text._calloc_r
                0x000000000010b1b0       0xb3 /Users/niccologatti/zephyr-sdk-0.16.3/x86_64-zephyr-elf/x86_64-zephyr-elf/lib/32/soft-float/libc.a(lib_a-callocr.o)
                0x000000000010b1b0                _calloc_r
 *fill*         0x000000000010b263        0xd 00
 .text._close_r
                0x000000000010b270       0x3b /Users/niccologatti/zephyr-sdk-0.16.3/x86_64-zephyr-elf/x86_64-zephyr-elf/lib/32/soft-float/libc.a(lib_a-closer.o)
                0x000000000010b270                _close_r
 *fill*         0x000000000010b2ab        0x5 00
 .text.fiprintf
                0x000000000010b2b0       0x21 /Users/niccologatti/zephyr-sdk-0.16.3/x86_64-zephyr-elf/x86_64-zephyr-elf/lib/32/soft-float/libc.a(lib_a-fiprintf.o)
                0x000000000010b2b0                fiprintf
 *fill*         0x000000000010b2d1        0xf 00
 .text._fstat_r
                0x000000000010b2e0       0x43 /Users/niccologatti/zephyr-sdk-0.16.3/x86_64-zephyr-elf/x86_64-zephyr-elf/lib/32/soft-float/libc.a(lib_a-fstatr.o)
                0x000000000010b2e0                _fstat_r
 *fill*         0x000000000010b323        0xd 00
 .text.__sfvwrite_r
                0x000000000010b330      0x494 /Users/niccologatti/zephyr-sdk-0.16.3/x86_64-zephyr-elf/x86_64-zephyr-elf/lib/32/soft-float/libc.a(lib_a-fvwrite.o)
                0x000000000010b330                __sfvwrite_r
 *fill*         0x000000000010b7c4        0xc 00
 .text._isatty_r
                0x000000000010b7d0       0x3b /Users/niccologatti/zephyr-sdk-0.16.3/x86_64-zephyr-elf/x86_64-zephyr-elf/lib/32/soft-float/libc.a(lib_a-isattyr.o)
                0x000000000010b7d0                _isatty_r
 *fill*         0x000000000010b80b        0x5 00
 .text._lseek_r
                0x000000000010b810       0x43 /Users/niccologatti/zephyr-sdk-0.16.3/x86_64-zephyr-elf/x86_64-zephyr-elf/lib/32/soft-float/libc.a(lib_a-lseekr.o)
                0x000000000010b810                _lseek_r
 *fill*         0x000000000010b853        0xd 00
 .text.__ascii_mbtowc
                0x000000000010b860       0x44 /Users/niccologatti/zephyr-sdk-0.16.3/x86_64-zephyr-elf/x86_64-zephyr-elf/lib/32/soft-float/libc.a(lib_a-mbtowc_r.o)
                0x000000000010b860                __ascii_mbtowc
 *fill*         0x000000000010b8a4        0xc 00
 .text._read_r  0x000000000010b8b0       0x43 /Users/niccologatti/zephyr-sdk-0.16.3/x86_64-zephyr-elf/x86_64-zephyr-elf/lib/32/soft-float/libc.a(lib_a-readr.o)
                0x000000000010b8b0                _read_r
 *fill*         0x000000000010b8f3        0xd 00
 .text._realloc_r
                0x000000000010b900      0x5e6 /Users/niccologatti/zephyr-sdk-0.16.3/x86_64-zephyr-elf/x86_64-zephyr-elf/lib/32/soft-float/libc.a(lib_a-reallocr.o)
                0x000000000010b900                _realloc_r
 *fill*         0x000000000010bee6        0xa 00
 .text.__ascii_wctomb
                0x000000000010bef0       0x34 /Users/niccologatti/zephyr-sdk-0.16.3/x86_64-zephyr-elf/x86_64-zephyr-elf/lib/32/soft-float/libc.a(lib_a-wctomb_r.o)
                0x000000000010bef0                __ascii_wctomb
 .text._ZN10zephyrtest10controller10Controller6updateEPvS2_S2_
                0x000000000010bf24       0x18 app/libapp.a(controller.cpp.obj)
                0x000000000010bf24                zephyrtest::controller::Controller::update(void*, void*, void*)
 .text._ZN10zephyrtest10controller10ControllerC2ERNS_2sm12StateMachineE
                0x000000000010bf3c       0x53 app/libapp.a(controller.cpp.obj)
                0x000000000010bf3c                zephyrtest::controller::Controller::Controller(zephyrtest::sm::StateMachine&)
                0x000000000010bf3c                zephyrtest::controller::Controller::Controller(zephyrtest::sm::StateMachine&)
 *fill*         0x000000000010bf8f        0x1 00
 .text._ZN10zephyrtest10controller10Controller3runEv
                0x000000000010bf90       0x2c app/libapp.a(controller.cpp.obj)
                0x000000000010bf90                zephyrtest::controller::Controller::run()
 .text._ZN10zephyrtest6sensor8PressureC2Ev
                0x000000000010bfbc       0x27 app/libapp.a(pressure.cpp.obj)
                0x000000000010bfbc                zephyrtest::sensor::Pressure::Pressure()
                0x000000000010bfbc                zephyrtest::sensor::Pressure::Pressure()
 *fill*         0x000000000010bfe3        0x1 00
 .text._ZN10zephyrtest6sensor8PressureD2Ev
                0x000000000010bfe4        0x1 app/libapp.a(pressure.cpp.obj)
                0x000000000010bfe4                zephyrtest::sensor::Pressure::~Pressure()
                0x000000000010bfe4                zephyrtest::sensor::Pressure::~Pressure()
 *fill*         0x000000000010bfe5        0x1 00
 .text._ZN10zephyrtest6sensor8Pressure17getActualPressureEv
                0x000000000010bfe6       0x35 app/libapp.a(pressure.cpp.obj)
                0x000000000010bfe6                zephyrtest::sensor::Pressure::getActualPressure()
 *fill*         0x000000000010c01b        0x1 00
 .text._ZN10zephyrtest6sensor8Pressure20getActualTemperatureEv
                0x000000000010c01c       0x89 app/libapp.a(pressure.cpp.obj)
                0x000000000010c01c                zephyrtest::sensor::Pressure::getActualTemperature()
 *fill*         0x000000000010c0a5        0x1 00
 .text._ZN10zephyrtest2sm12StateMachine10initializeEPv
                0x000000000010c0a6       0x2c app/libapp.a(state_machine.cpp.obj)
                0x000000000010c0a6                zephyrtest::sm::StateMachine::initialize(void*)
 .text._ZN10zephyrtest2sm12StateMachine4waitEPv
                0x000000000010c0d2       0x95 app/libapp.a(state_machine.cpp.obj)
                0x000000000010c0d2                zephyrtest::sm::StateMachine::wait(void*)
 *fill*         0x000000000010c167        0x1 00
 .text._ZN10zephyrtest2sm12StateMachine4doneEPv
                0x000000000010c168       0x2e app/libapp.a(state_machine.cpp.obj)
                0x000000000010c168                zephyrtest::sm::StateMachine::done(void*)
 .text._ZN10zephyrtest2sm12StateMachineC2Ev
                0x000000000010c196        0xc app/libapp.a(state_machine.cpp.obj)
                0x000000000010c196                zephyrtest::sm::StateMachine::StateMachine()
                0x000000000010c196                zephyrtest::sm::StateMachine::StateMachine()
 .text._ZN10zephyrtest2sm12StateMachine7executeEv
                0x000000000010c1a2       0x38 app/libapp.a(state_machine.cpp.obj)
                0x000000000010c1a2                zephyrtest::sm::StateMachine::execute()
 .text._ZN10zephyrtest2sm12StateMachine14getActualStateEv
                0x000000000010c1da        0xa app/libapp.a(state_machine.cpp.obj)
                0x000000000010c1da                zephyrtest::sm::StateMachine::getActualState()
 .text._OffsetAbsSyms
                0x000000000010c1e4        0x1 zephyr/CMakeFiles/offsets.dir/./arch/x86/core/offsets/offsets.c.obj
                0x000000000010c1e4                _OffsetAbsSyms
 .text._ZN10zephyrtest6common13stateToStringE5state
                0x000000000010c1e5       0x19 app/libapp.a(common.cpp.obj)
                0x000000000010c1e5                zephyrtest::common::stateToString(state)
 .text.main     0x000000000010c1fe       0x43 app/libapp.a(main.cpp.obj)
                0x000000000010c1fe                main
 .text.z_cpp_init_static
                0x000000000010c241        0xe zephyr/libzephyr.a(cpp_init.c.obj)
                0x000000000010c241                z_cpp_init_static
 .text.__do_init_array_aux
                0x000000000010c24f       0x1b zephyr/libzephyr.a(cpp_init_array.c.obj)
                0x000000000010c24f                __do_init_array_aux
 .text.__do_global_ctors_aux
                0x000000000010c26a       0x22 zephyr/libzephyr.a(cpp_ctors.c.obj)
                0x000000000010c26a                __do_global_ctors_aux
 .text.char_out
                0x000000000010c28c        0x6 zephyr/libzephyr.a(printk.c.obj)
 .text.__printk_hook_install
                0x000000000010c292        0xd zephyr/libzephyr.a(printk.c.obj)
                0x000000000010c292                __printk_hook_install
 .text.vprintk  0x000000000010c29f       0x1c zephyr/libzephyr.a(printk.c.obj)
                0x000000000010c29f                vprintk
 .text.printk   0x000000000010c2bb       0x13 zephyr/libzephyr.a(printk.c.obj)
                0x000000000010c2bb                printk
 .text.find_and_stack
                0x000000000010c2ce       0x52 zephyr/libzephyr.a(rb.c.obj)
 .text.stack_left_limb
                0x000000000010c320       0x4c zephyr/libzephyr.a(rb.c.obj)
 .text.set_child
                0x000000000010c36c       0x12 zephyr/libzephyr.a(rb.c.obj)
 .text.rotate   0x000000000010c37e       0xab zephyr/libzephyr.a(rb.c.obj)
 .text.z_rb_get_minmax
                0x000000000010c429       0x27 zephyr/libzephyr.a(rb.c.obj)
                0x000000000010c429                z_rb_get_minmax
 .text.rb_insert
                0x000000000010c450      0x136 zephyr/libzephyr.a(rb.c.obj)
                0x000000000010c450                rb_insert
 .text.rb_remove
                0x000000000010c586      0x390 zephyr/libzephyr.a(rb.c.obj)
                0x000000000010c586                rb_remove
 .text.z_rb_foreach_next
                0x000000000010c916       0x72 zephyr/libzephyr.a(rb.c.obj)
                0x000000000010c916                z_rb_foreach_next
 .text.z_thread_entry
                0x000000000010c988       0x1e zephyr/libzephyr.a(thread_entry.c.obj)
                0x000000000010c988                z_thread_entry
 .text.setup_bundle_data.constprop.0
                0x000000000010c9a6       0x5d zephyr/libzephyr.a(bitarray.c.obj)
 .text.set_region
                0x000000000010ca03       0xb5 zephyr/libzephyr.a(bitarray.c.obj)
 .text.set_clear_region
                0x000000000010cab8       0x6c zephyr/libzephyr.a(bitarray.c.obj)
 .text.match_region
                0x000000000010cb24       0xc7 zephyr/libzephyr.a(bitarray.c.obj)
 .text.sys_bitarray_alloc
                0x000000000010cbeb       0xc6 zephyr/libzephyr.a(bitarray.c.obj)
                0x000000000010cbeb                sys_bitarray_alloc
 .text.sys_bitarray_free
                0x000000000010ccb1       0x84 zephyr/libzephyr.a(bitarray.c.obj)
                0x000000000010ccb1                sys_bitarray_free
 .text.sys_bitarray_set_region
                0x000000000010cd35       0x19 zephyr/libzephyr.a(bitarray.c.obj)
                0x000000000010cd35                sys_bitarray_set_region
 .text.extract_decimal
                0x000000000010cd4e       0x2a zephyr/libzephyr.a(cbprintf_complete.c.obj)
 .text.encode_uint
                0x000000000010cd78       0xe3 zephyr/libzephyr.a(cbprintf_complete.c.obj)
 .text.outs     0x000000000010ce5b       0x4c zephyr/libzephyr.a(cbprintf_complete.c.obj)
 .text.z_cbvprintf_impl
                0x000000000010cea7      0x87c zephyr/libzephyr.a(cbprintf_complete.c.obj)
                0x000000000010cea7                z_cbvprintf_impl
 .text._ConfigAbsSyms
                0x000000000010d723        0x1 zephyr/libzephyr.a(configs.c.obj)
                0x000000000010d723                _ConfigAbsSyms
 .text.sys_trace_idle
                0x000000000010d724        0x1 zephyr/libzephyr.a(tracing_none.c.obj)
                0x000000000010d724                sys_trace_idle
 .text.arch_cpu_idle
                0x000000000010d725        0xc zephyr/arch/arch/x86/core/libarch__x86__core.a(cpuhalt.c.obj)
                0x000000000010d725                arch_cpu_idle
 .text.z_x86_prep_c
                0x000000000010d731       0x3c zephyr/arch/arch/x86/core/libarch__x86__core.a(prep_c.c.obj)
                0x000000000010d731                z_x86_prep_c
 .text.arch_system_halt
                0x000000000010d76d        0x8 zephyr/arch/arch/x86/core/libarch__x86__core.a(fatal.c.obj)
                0x000000000010d76d                arch_system_halt
 .text.z_x86_fatal_error
                0x000000000010d775       0x10 zephyr/arch/arch/x86/core/libarch__x86__core.a(fatal.c.obj)
                0x000000000010d775                z_x86_fatal_error
 .text.z_x86_page_fault_handler
                0x000000000010d785        0xf zephyr/arch/arch/x86/core/libarch__x86__core.a(fatal.c.obj)
                0x000000000010d785                z_x86_page_fault_handler
 .text.z_x86_do_kernel_oops
                0x000000000010d794       0x12 zephyr/arch/arch/x86/core/libarch__x86__core.a(fatal.c.obj)
                0x000000000010d794                z_x86_do_kernel_oops
 .text.z_multiboot_init
                0x000000000010d7a6      0x175 zephyr/arch/arch/x86/core/libarch__x86__core.a(multiboot.c.obj)
                0x000000000010d7a6                z_multiboot_init
 .text.mark_addr_page_reserved
                0x000000000010d91b       0x3b zephyr/arch/arch/x86/core/libarch__x86__core.a(x86_mmu.c.obj)
 .text.range_map_unlocked.isra.0
                0x000000000010d956      0x1ab zephyr/arch/arch/x86/core/libarch__x86__core.a(x86_mmu.c.obj)
 .text.arch_mem_map
                0x000000000010db01       0x6b zephyr/arch/arch/x86/core/libarch__x86__core.a(x86_mmu.c.obj)
                0x000000000010db01                arch_mem_map
 .text.arch_mem_unmap
                0x000000000010db6c       0x1f zephyr/arch/arch/x86/core/libarch__x86__core.a(x86_mmu.c.obj)
                0x000000000010db6c                arch_mem_unmap
 .text.z_x86_mmu_init
                0x000000000010db8b        0x1 zephyr/arch/arch/x86/core/libarch__x86__core.a(x86_mmu.c.obj)
                0x000000000010db8b                z_x86_mmu_init
 .text.arch_reserved_pages_update
                0x000000000010db8c       0x33 zephyr/arch/arch/x86/core/libarch__x86__core.a(x86_mmu.c.obj)
                0x000000000010db8c                arch_reserved_pages_update
 .text.arch_printk_char_out
                0x000000000010dbbf       0x44 zephyr/arch/arch/x86/core/libarch__x86__core.a(early_serial.c.obj)
                0x000000000010dbbf                arch_printk_char_out
 .text.z_x86_early_serial_init
                0x000000000010dc03       0x5f zephyr/arch/arch/x86/core/libarch__x86__core.a(early_serial.c.obj)
                0x000000000010dc03                z_x86_early_serial_init
 .text._exception_enter
                0x000000000010dc62       0x2c zephyr/arch/arch/x86/core/libarch__x86__core.a(excstub.S.obj)
                0x000000000010dc62                _exception_enter
 .text._kernel_oops_handler
                0x000000000010dc8e        0xc zephyr/arch/arch/x86/core/libarch__x86__core.a(excstub.S.obj)
                0x000000000010dc8e                _kernel_oops_handler
 .text._interrupt_enter
                0x000000000010dc9a       0x58 zephyr/arch/arch/x86/core/libarch__x86__core.a(intstub.S.obj)
                0x000000000010dc9a                _interrupt_enter
 .text.z_SpuriousIntNoErrCodeHandler
                0x000000000010dcf2        0x2 zephyr/arch/arch/x86/core/libarch__x86__core.a(intstub.S.obj)
                0x000000000010dcf2                z_SpuriousIntNoErrCodeHandler
 .text.z_SpuriousIntHandler
                0x000000000010dcf4       0x14 zephyr/arch/arch/x86/core/libarch__x86__core.a(intstub.S.obj)
                0x000000000010dcf4                z_SpuriousIntHandler
 .text.arch_swap
                0x000000000010dd08       0x29 zephyr/arch/arch/x86/core/libarch__x86__core.a(swap.S.obj)
                0x000000000010dd08                arch_swap
 .text.z_x86_thread_entry_wrapper
                0x000000000010dd31        0x9 zephyr/arch/arch/x86/core/libarch__x86__core.a(swap.S.obj)
                0x000000000010dd31                z_x86_thread_entry_wrapper
 .text.arch_new_thread
                0x000000000010dd3a       0x42 zephyr/arch/arch/x86/core/libarch__x86__core.a(thread.c.obj)
                0x000000000010dd3a                arch_new_thread
 .text.z_x86_spurious_irq
                0x000000000010dd7c       0x12 zephyr/arch/arch/x86/core/libarch__x86__core.a(fatal.c.obj)
                0x000000000010dd7c                z_x86_spurious_irq
 .text.__truncxfdf2
                0x000000000010dd8e        0x4 zephyr/arch/arch/x86/core/libarch__x86__core.a(soft_float_stubs.c.obj)
                0x000000000010dd8e                __truncxfdf2
 .text._stdout_hook_default
                0x000000000010dd92        0x4 zephyr/lib/libc/newlib/liblib__libc__newlib.a(libc-hooks.c.obj)
 .text._stdin_hook_default
                0x000000000010dd96        0x3 zephyr/lib/libc/newlib/liblib__libc__newlib.a(libc-hooks.c.obj)
 .text.malloc_prepare
                0x000000000010dd99       0x41 zephyr/lib/libc/newlib/liblib__libc__newlib.a(libc-hooks.c.obj)
 .text.__stdout_hook_install
                0x000000000010ddda        0xd zephyr/lib/libc/newlib/liblib__libc__newlib.a(libc-hooks.c.obj)
                0x000000000010ddda                __stdout_hook_install
 .text.z_impl_zephyr_read_stdin
                0x000000000010dde7       0x25 zephyr/lib/libc/newlib/liblib__libc__newlib.a(libc-hooks.c.obj)
                0x000000000010dde7                z_impl_zephyr_read_stdin
 .text.z_impl_zephyr_write_stdout
                0x000000000010de0c       0x37 zephyr/lib/libc/newlib/liblib__libc__newlib.a(libc-hooks.c.obj)
                0x000000000010de0c                z_impl_zephyr_write_stdout
 .text._read    0x000000000010de43       0x15 zephyr/lib/libc/newlib/liblib__libc__newlib.a(libc-hooks.c.obj)
                0x000000000010de43                read
                0x000000000010de43                _read
 .text._write   0x000000000010de58       0x15 zephyr/lib/libc/newlib/liblib__libc__newlib.a(libc-hooks.c.obj)
                0x000000000010de58                write
                0x000000000010de58                _write
 .text._close   0x000000000010de6d        0x4 zephyr/lib/libc/newlib/liblib__libc__newlib.a(libc-hooks.c.obj)
                0x000000000010de6d                close
                0x000000000010de6d                _close
 .text._lseek   0x000000000010de71        0x3 zephyr/lib/libc/newlib/liblib__libc__newlib.a(libc-hooks.c.obj)
                0x000000000010de71                lseek
                0x000000000010de71                _lseek
 .text._isatty  0x000000000010de74        0xe zephyr/lib/libc/newlib/liblib__libc__newlib.a(libc-hooks.c.obj)
                0x000000000010de74                isatty
                0x000000000010de74                _isatty
 .text._fstat   0x000000000010de82       0x11 zephyr/lib/libc/newlib/liblib__libc__newlib.a(libc-hooks.c.obj)
                0x000000000010de82                _fstat
                0x000000000010de82                fstat
 .text._sbrk    0x000000000010de93       0x28 zephyr/lib/libc/newlib/liblib__libc__newlib.a(libc-hooks.c.obj)
                0x000000000010de93                _sbrk
                0x000000000010de93                sbrk
 .text.__retarget_lock_init_recursive
                0x000000000010debb       0x1d zephyr/lib/libc/newlib/liblib__libc__newlib.a(libc-hooks.c.obj)
                0x000000000010debb                __retarget_lock_init_recursive
 .text.__retarget_lock_close_recursive
                0x000000000010ded8        0x5 zephyr/lib/libc/newlib/liblib__libc__newlib.a(libc-hooks.c.obj)
                0x000000000010ded8                __retarget_lock_close_recursive
 .text.__retarget_lock_acquire_recursive
                0x000000000010dedd       0x14 zephyr/lib/libc/newlib/liblib__libc__newlib.a(libc-hooks.c.obj)
                0x000000000010dedd                __retarget_lock_acquire_recursive
 .text.__retarget_lock_release_recursive
                0x000000000010def1        0xf zephyr/lib/libc/newlib/liblib__libc__newlib.a(libc-hooks.c.obj)
                0x000000000010def1                __retarget_lock_release_recursive
 .text.abort    0x000000000010df00       0x12 zephyr/lib/libc/common/liblib__libc__common.a(abort.c.obj)
                0x000000000010df00                abort
 .text.smf_set_initial
                0x000000000010df12       0x22 zephyr/lib/smf/liblib__smf.a(smf.c.obj)
                0x000000000010df12                smf_set_initial
 .text.smf_set_state
                0x000000000010df34       0x4e zephyr/lib/smf/liblib__smf.a(smf.c.obj)
                0x000000000010df34                smf_set_state
 .text.smf_set_terminate
                0x000000000010df82       0x12 zephyr/lib/smf/liblib__smf.a(smf.c.obj)
                0x000000000010df82                smf_set_terminate
 .text.smf_run_state
                0x000000000010df94       0x22 zephyr/lib/smf/liblib__smf.a(smf.c.obj)
                0x000000000010df94                smf_run_state
 .text.__IoApicGet
                0x000000000010dfb6       0x1e zephyr/drivers/interrupt_controller/libdrivers__interrupt_controller.a(intc_ioapic.c.obj)
 .text.__IoApicSet
                0x000000000010dfd4       0x24 zephyr/drivers/interrupt_controller/libdrivers__interrupt_controller.a(intc_ioapic.c.obj)
 .text.IoApicRedUpdateLo
                0x000000000010dff8       0x28 zephyr/drivers/interrupt_controller/libdrivers__interrupt_controller.a(intc_ioapic.c.obj)
 .text.ioapic_init
                0x000000000010e020       0x6a zephyr/drivers/interrupt_controller/libdrivers__interrupt_controller.a(intc_ioapic.c.obj)
                0x000000000010e020                ioapic_init
 .text.z_ioapic_num_rtes
                0x000000000010e08a        0x6 zephyr/drivers/interrupt_controller/libdrivers__interrupt_controller.a(intc_ioapic.c.obj)
                0x000000000010e08a                z_ioapic_num_rtes
 .text.z_ioapic_irq_enable
                0x000000000010e090       0x13 zephyr/drivers/interrupt_controller/libdrivers__interrupt_controller.a(intc_ioapic.c.obj)
                0x000000000010e090                z_ioapic_irq_enable
 .text.z_ioapic_irq_set
                0x000000000010e0a3       0x37 zephyr/drivers/interrupt_controller/libdrivers__interrupt_controller.a(intc_ioapic.c.obj)
                0x000000000010e0a3                z_ioapic_irq_set
 .text.loapic_init
                0x000000000010e0da        0x3 zephyr/drivers/interrupt_controller/libdrivers__interrupt_controller.a(intc_loapic.c.obj)
 .text.z_loapic_enable
                0x000000000010e0dd      0x123 zephyr/drivers/interrupt_controller/libdrivers__interrupt_controller.a(intc_loapic.c.obj)
                0x000000000010e0dd                z_loapic_enable
 .text.z_loapic_irq_base
                0x000000000010e200        0x5 zephyr/drivers/interrupt_controller/libdrivers__interrupt_controller.a(intc_loapic.c.obj)
                0x000000000010e200                z_loapic_irq_base
 .text.z_loapic_int_vec_set
                0x000000000010e205       0x2f zephyr/drivers/interrupt_controller/libdrivers__interrupt_controller.a(intc_loapic.c.obj)
                0x000000000010e205                z_loapic_int_vec_set
 .text.z_loapic_irq_enable
                0x000000000010e234       0x30 zephyr/drivers/interrupt_controller/libdrivers__interrupt_controller.a(intc_loapic.c.obj)
                0x000000000010e234                z_loapic_irq_enable
 .text.z_irq_controller_isr_vector_get
                0x000000000010e264       0x2d zephyr/drivers/interrupt_controller/libdrivers__interrupt_controller.a(intc_loapic.c.obj)
                0x000000000010e264                z_irq_controller_isr_vector_get
 .text.z_irq_controller_irq_config
                0x000000000010e291       0x40 zephyr/drivers/interrupt_controller/libdrivers__interrupt_controller.a(intc_system_apic.c.obj)
                0x000000000010e291                z_irq_controller_irq_config
 .text.arch_irq_enable
                0x000000000010e2d1       0x2b zephyr/drivers/interrupt_controller/libdrivers__interrupt_controller.a(intc_system_apic.c.obj)
                0x000000000010e2d1                arch_irq_enable
 .text.uart_console_init
                0x000000000010e2fc       0x34 zephyr/drivers/console/libdrivers__console.a(uart_console.c.obj)
 .text.console_out
                0x000000000010e330       0x33 zephyr/drivers/console/libdrivers__console.a(uart_console.c.obj)
 .text.get_port
                0x000000000010e363       0x12 zephyr/drivers/serial/libdrivers__serial.a(uart_ns16550.c.obj)
 .text.uart_ns16550_config_get
                0x000000000010e375       0x2d zephyr/drivers/serial/libdrivers__serial.a(uart_ns16550.c.obj)
 .text.ns16550_outbyte.isra.0
                0x000000000010e3a2       0x14 zephyr/drivers/serial/libdrivers__serial.a(uart_ns16550.c.obj)
 .text.uart_ns16550_poll_in
                0x000000000010e3b6       0x5b zephyr/drivers/serial/libdrivers__serial.a(uart_ns16550.c.obj)
 .text.uart_ns16550_poll_out
                0x000000000010e411       0x54 zephyr/drivers/serial/libdrivers__serial.a(uart_ns16550.c.obj)
 .text.uart_ns16550_err_check
                0x000000000010e465       0x3c zephyr/drivers/serial/libdrivers__serial.a(uart_ns16550.c.obj)
 .text.uart_ns16550_configure
                0x000000000010e4a1      0x277 zephyr/drivers/serial/libdrivers__serial.a(uart_ns16550.c.obj)
 .text.uart_ns16550_init
                0x000000000010e718       0x37 zephyr/drivers/serial/libdrivers__serial.a(uart_ns16550.c.obj)
 .text.hpet_counter_get
                0x000000000010e74f       0x2a zephyr/drivers/timer/libdrivers__timer.a(hpet.c.obj)
 .text.hpet_isr
                0x000000000010e779       0x9b zephyr/drivers/timer/libdrivers__timer.a(hpet.c.obj)
 .text.hpet_timer_comparator_set_safe
                0x000000000010e814       0x6c zephyr/drivers/timer/libdrivers__timer.a(hpet.c.obj)
 .text.sys_clock_driver_init
                0x000000000010e880       0xf5 zephyr/drivers/timer/libdrivers__timer.a(hpet.c.obj)
 .text.sys_clock_set_timeout
                0x000000000010e975       0x8c zephyr/drivers/timer/libdrivers__timer.a(hpet.c.obj)
                0x000000000010e975                sys_clock_set_timeout
 .text.sys_clock_elapsed
                0x000000000010ea01       0x40 zephyr/drivers/timer/libdrivers__timer.a(hpet.c.obj)
                0x000000000010ea01                sys_clock_elapsed
 .text.z_device_state_init
                0x000000000010ea41        0x1 zephyr/kernel/libkernel.a(device.c.obj)
                0x000000000010ea41                z_device_state_init
 .text.z_device_is_ready
                0x000000000010ea42       0x24 zephyr/kernel/libkernel.a(device.c.obj)
                0x000000000010ea42                z_device_is_ready
 .text.k_sys_fatal_error_handler
                0x000000000010ea66        0xb zephyr/kernel/libkernel.a(fatal.c.obj)
                0x000000000010ea66                k_sys_fatal_error_handler
 .text.z_fatal_error
                0x000000000010ea71       0x32 zephyr/kernel/libkernel.a(fatal.c.obj)
                0x000000000010ea71                z_fatal_error
 .text.z_sys_init_run_level
                0x000000000010eaa3       0x5b zephyr/kernel/libkernel.a(init.c.obj)
 .text.bg_thread_main
                0x000000000010eafe       0x45 zephyr/kernel/libkernel.a(init.c.obj)
 .text.z_early_memset
                0x000000000010eb43       0x12 zephyr/kernel/libkernel.a(init.c.obj)
                0x000000000010eb43                z_early_memset
 .text.z_bss_zero
                0x000000000010eb55       0x1f zephyr/kernel/libkernel.a(init.c.obj)
                0x000000000010eb55                z_bss_zero
 .text.z_init_cpu
                0x000000000010eb74       0x6a zephyr/kernel/libkernel.a(init.c.obj)
                0x000000000010eb74                z_init_cpu
 .text.z_cstart
                0x000000000010ebde       0x9a zephyr/kernel/libkernel.a(init.c.obj)
                0x000000000010ebde                z_cstart
 .text.z_impl_k_thread_name_set
                0x000000000010ec78        0x6 zephyr/kernel/libkernel.a(thread.c.obj)
                0x000000000010ec78                z_impl_k_thread_name_set
 .text.z_setup_new_thread
                0x000000000010ec7e       0x7a zephyr/kernel/libkernel.a(thread.c.obj)
                0x000000000010ec7e                z_setup_new_thread
 .text.z_impl_k_thread_create
                0x000000000010ecf8       0x6a zephyr/kernel/libkernel.a(thread.c.obj)
                0x000000000010ecf8                z_impl_k_thread_create
 .text.z_init_static_threads
                0x000000000010ed62       0xad zephyr/kernel/libkernel.a(thread.c.obj)
                0x000000000010ed62                z_init_static_threads
 .text.idle     0x000000000010ee0f        0xd zephyr/kernel/libkernel.a(idle.c.obj)
                0x000000000010ee0f                idle
 .text.adjust_owner_prio.isra.0
                0x000000000010ee1c       0x19 zephyr/kernel/libkernel.a(mutex.c.obj)
 .text.z_impl_k_mutex_init
                0x000000000010ee35       0x24 zephyr/kernel/libkernel.a(mutex.c.obj)
                0x000000000010ee35                z_impl_k_mutex_init
 .text.z_impl_k_mutex_lock
                0x000000000010ee59      0x105 zephyr/kernel/libkernel.a(mutex.c.obj)
                0x000000000010ee59                z_impl_k_mutex_lock
 .text.z_impl_k_mutex_unlock
                0x000000000010ef5e       0x85 zephyr/kernel/libkernel.a(mutex.c.obj)
                0x000000000010ef5e                z_impl_k_mutex_unlock
 .text.sliceable
                0x000000000010efe3       0x3a zephyr/kernel/libkernel.a(sched.c.obj)
 .text.slice_timeout
                0x000000000010f01d       0x1d zephyr/kernel/libkernel.a(sched.c.obj)
 .text.z_priq_rb_lessthan
                0x000000000010f03a       0x29 zephyr/kernel/libkernel.a(sched.c.obj)
                0x000000000010f03a                z_priq_rb_lessthan
 .text.z_reset_time_slice
                0x000000000010f063       0x4d zephyr/kernel/libkernel.a(sched.c.obj)
                0x000000000010f063                z_reset_time_slice
 .text.update_cache
                0x000000000010f0b0       0x52 zephyr/kernel/libkernel.a(sched.c.obj)
 .text.z_reschedule
                0x000000000010f102       0x2f zephyr/kernel/libkernel.a(sched.c.obj)
                0x000000000010f102                z_reschedule
 .text.z_reschedule_irqlock
                0x000000000010f131       0x1c zephyr/kernel/libkernel.a(sched.c.obj)
                0x000000000010f131                z_reschedule_irqlock
 .text.z_reschedule_unlocked
                0x000000000010f14d        0xf zephyr/kernel/libkernel.a(sched.c.obj)
 .text.k_sched_lock
                0x000000000010f15c       0x13 zephyr/kernel/libkernel.a(sched.c.obj)
                0x000000000010f15c                k_sched_lock
 .text.k_sched_unlock
                0x000000000010f16f       0x24 zephyr/kernel/libkernel.a(sched.c.obj)
                0x000000000010f16f                k_sched_unlock
 .text.z_priq_rb_add
                0x000000000010f193       0x7d zephyr/kernel/libkernel.a(sched.c.obj)
                0x000000000010f193                z_priq_rb_add
 .text.ready_thread
                0x000000000010f210       0x31 zephyr/kernel/libkernel.a(sched.c.obj)
 .text.z_ready_thread
                0x000000000010f241       0x19 zephyr/kernel/libkernel.a(sched.c.obj)
                0x000000000010f241                z_ready_thread
 .text.z_sched_start
                0x000000000010f25a       0x39 zephyr/kernel/libkernel.a(sched.c.obj)
                0x000000000010f25a                z_sched_start
 .text.z_priq_rb_remove
                0x000000000010f293       0x21 zephyr/kernel/libkernel.a(sched.c.obj)
                0x000000000010f293                z_priq_rb_remove
 .text.move_thread_to_end_of_prio_q
                0x000000000010f2b4       0x45 zephyr/kernel/libkernel.a(sched.c.obj)
 .text.z_time_slice
                0x000000000010f2f9       0x4b zephyr/kernel/libkernel.a(sched.c.obj)
                0x000000000010f2f9                z_time_slice
 .text.unready_thread
                0x000000000010f344       0x34 zephyr/kernel/libkernel.a(sched.c.obj)
 .text.pend_locked
                0x000000000010f378       0x53 zephyr/kernel/libkernel.a(sched.c.obj)
 .text.z_pend_curr
                0x000000000010f3cb       0x32 zephyr/kernel/libkernel.a(sched.c.obj)
                0x000000000010f3cb                z_pend_curr
 .text.z_set_prio
                0x000000000010f3fd       0x65 zephyr/kernel/libkernel.a(sched.c.obj)
                0x000000000010f3fd                z_set_prio
 .text.z_impl_k_thread_suspend
                0x000000000010f462       0x64 zephyr/kernel/libkernel.a(sched.c.obj)
                0x000000000010f462                z_impl_k_thread_suspend
 .text.unpend_thread_no_timeout
                0x000000000010f4c6       0x1f zephyr/kernel/libkernel.a(sched.c.obj)
 .text.z_sched_wake_thread
                0x000000000010f4e5       0x4b zephyr/kernel/libkernel.a(sched.c.obj)
                0x000000000010f4e5                z_sched_wake_thread
 .text.z_thread_timeout
                0x000000000010f530       0x15 zephyr/kernel/libkernel.a(sched.c.obj)
                0x000000000010f530                z_thread_timeout
 .text.z_unpend_first_thread
                0x000000000010f545       0x39 zephyr/kernel/libkernel.a(sched.c.obj)
                0x000000000010f545                z_unpend_first_thread
 .text.init_ready_q
                0x000000000010f57e       0x1d zephyr/kernel/libkernel.a(sched.c.obj)
                0x000000000010f57e                init_ready_q
 .text.z_sched_init
                0x000000000010f59b       0x10 zephyr/kernel/libkernel.a(sched.c.obj)
                0x000000000010f59b                z_sched_init
 .text.z_impl_k_yield
                0x000000000010f5ab       0x49 zephyr/kernel/libkernel.a(sched.c.obj)
                0x000000000010f5ab                z_impl_k_yield
 .text.z_tick_sleep
                0x000000000010f5f4       0x8f zephyr/kernel/libkernel.a(sched.c.obj)
 .text.z_impl_k_sleep
                0x000000000010f683       0x2e zephyr/kernel/libkernel.a(sched.c.obj)
                0x000000000010f683                z_impl_k_sleep
 .text.z_impl_k_sched_current_thread_query
                0x000000000010f6b1        0x6 zephyr/kernel/libkernel.a(sched.c.obj)
                0x000000000010f6b1                z_impl_k_sched_current_thread_query
 .text.z_thread_abort
                0x000000000010f6b7       0xd8 zephyr/kernel/libkernel.a(sched.c.obj)
                0x000000000010f6b7                z_thread_abort
 .text.z_impl_k_thread_abort
                0x000000000010f78f        0x5 zephyr/kernel/libkernel.a(sched.c.obj)
                0x000000000010f78f                z_impl_k_thread_abort
 .text.elapsed  0x000000000010f794       0x11 zephyr/kernel/libkernel.a(timeout.c.obj)
 .text.next_timeout
                0x000000000010f7a5       0x4f zephyr/kernel/libkernel.a(timeout.c.obj)
 .text.remove_timeout
                0x000000000010f7f4       0x36 zephyr/kernel/libkernel.a(timeout.c.obj)
 .text.z_add_timeout
                0x000000000010f82a      0x12e zephyr/kernel/libkernel.a(timeout.c.obj)
                0x000000000010f82a                z_add_timeout
 .text.z_abort_timeout
                0x000000000010f958       0x27 zephyr/kernel/libkernel.a(timeout.c.obj)
                0x000000000010f958                z_abort_timeout
 .text.sys_clock_announce
                0x000000000010f97f      0x110 zephyr/kernel/libkernel.a(timeout.c.obj)
                0x000000000010f97f                sys_clock_announce
 .text.sys_clock_tick_get
                0x000000000010fa8f       0x23 zephyr/kernel/libkernel.a(timeout.c.obj)
                0x000000000010fa8f                sys_clock_tick_get
 .text.sys_clock_tick_get_32
                0x000000000010fab2        0xa zephyr/kernel/libkernel.a(timeout.c.obj)
                0x000000000010fab2                sys_clock_tick_get_32
 .text.virt_region_free
                0x000000000010fabc       0x75 zephyr/kernel/libkernel.a(mmu.c.obj)
 .text.free_page_frame_list_put
                0x000000000010fb31       0x28 zephyr/kernel/libkernel.a(mmu.c.obj)
 .text.virt_region_alloc
                0x000000000010fb59       0xdb zephyr/kernel/libkernel.a(mmu.c.obj)
 .text.k_mem_map
                0x000000000010fc34      0x103 zephyr/kernel/libkernel.a(mmu.c.obj)
                0x000000000010fc34                k_mem_map
 .text.k_mem_free_get
                0x000000000010fd37       0x13 zephyr/kernel/libkernel.a(mmu.c.obj)
                0x000000000010fd37                k_mem_free_get
 .text.virt_region_align
                0x000000000010fd4a        0x6 zephyr/kernel/libkernel.a(mmu.c.obj)
                0x000000000010fd4a                arch_virt_region_align
 .text.k_mem_region_align
                0x000000000010fd50       0x32 zephyr/kernel/libkernel.a(mmu.c.obj)
                0x000000000010fd50                k_mem_region_align
 .text.z_phys_map
                0x000000000010fd82       0x76 zephyr/kernel/libkernel.a(mmu.c.obj)
                0x000000000010fd82                z_phys_map
 .text.z_mem_manage_init
                0x000000000010fdf8       0x64 zephyr/kernel/libkernel.a(mmu.c.obj)
                0x000000000010fdf8                z_mem_manage_init
 .text.z_mem_manage_boot_finish
                0x000000000010fe5c        0x1 zephyr/kernel/libkernel.a(mmu.c.obj)
                0x000000000010fe5c                z_mem_manage_boot_finish
 .text.boot_banner
                0x000000000010fe5d       0x10 zephyr/kernel/libkernel.a(banner.c.obj)
                0x000000000010fe5d                boot_banner
 *(SORT_BY_ALIGNMENT(.gnu.linkonce.t.*))
 *(.init)
 *(.fini)
 *(SORT_BY_ALIGNMENT(.eini))
                0x0000000000110000                . = ALIGN (0x1000)
 *fill*         0x000000000010fe6d      0x193 00
                0x0000000000110000                __text_region_end = .
                0x0000000000010000                __text_region_size = (__text_region_end - __text_region_start)
                0x0000000000110000                __rodata_region_start = .

initlevel       0x0000000000110000       0x38
                0x0000000000110000                __init_start = .
                0x0000000000110000                __init_EARLY_start = .
 *(SORT_BY_NAME(SORT_BY_ALIGNMENT(.z_init_EARLY?_*)))
 *(SORT_BY_NAME(SORT_BY_ALIGNMENT(.z_init_EARLY??_*)))
                0x0000000000110000                __init_PRE_KERNEL_1_start = .
 *(SORT_BY_NAME(SORT_BY_ALIGNMENT(.z_init_PRE_KERNEL_1?_*)))
 *(SORT_BY_NAME(SORT_BY_ALIGNMENT(.z_init_PRE_KERNEL_1??_*)))
 .z_init_PRE_KERNEL_140_00011_
                0x0000000000110000        0x8 zephyr/drivers/interrupt_controller/libdrivers__interrupt_controller.a(intc_loapic.c.obj)
 .z_init_PRE_KERNEL_140_00015_
                0x0000000000110008        0x8 zephyr/drivers/interrupt_controller/libdrivers__interrupt_controller.a(intc_ioapic.c.obj)
 .z_init_PRE_KERNEL_150_00026_
                0x0000000000110010        0x8 zephyr/drivers/serial/libdrivers__serial.a(uart_ns16550.c.obj)
 .z_init_PRE_KERNEL_150_00027_
                0x0000000000110018        0x8 zephyr/drivers/serial/libdrivers__serial.a(uart_ns16550.c.obj)
 .z_init_PRE_KERNEL_160_0_
                0x0000000000110020        0x8 zephyr/drivers/console/libdrivers__console.a(uart_console.c.obj)
                0x0000000000110028                __init_PRE_KERNEL_2_start = .
 *(SORT_BY_NAME(SORT_BY_ALIGNMENT(.z_init_PRE_KERNEL_2?_*)))
 .z_init_PRE_KERNEL_20_0_
                0x0000000000110028        0x8 zephyr/drivers/timer/libdrivers__timer.a(hpet.c.obj)
 *(SORT_BY_NAME(SORT_BY_ALIGNMENT(.z_init_PRE_KERNEL_2??_*)))
                0x0000000000110030                __init_POST_KERNEL_start = .
 *(SORT_BY_NAME(SORT_BY_ALIGNMENT(.z_init_POST_KERNEL?_*)))
 *(SORT_BY_NAME(SORT_BY_ALIGNMENT(.z_init_POST_KERNEL??_*)))
 .z_init_POST_KERNEL40_0_
                0x0000000000110030        0x8 zephyr/lib/libc/newlib/liblib__libc__newlib.a(libc-hooks.c.obj)
                0x0000000000110038                __init_APPLICATION_start = .
 *(SORT_BY_NAME(SORT_BY_ALIGNMENT(.z_init_APPLICATION?_*)))
 *(SORT_BY_NAME(SORT_BY_ALIGNMENT(.z_init_APPLICATION??_*)))
                0x0000000000110038                __init_SMP_start = .
 *(SORT_BY_NAME(SORT_BY_ALIGNMENT(.z_init_SMP?_*)))
 *(SORT_BY_NAME(SORT_BY_ALIGNMENT(.z_init_SMP??_*)))
                0x0000000000110038                __init_end = .

device_area     0x0000000000110038       0x50
                0x0000000000110038                _device_list_start = .
 *(SORT_BY_NAME(SORT_BY_ALIGNMENT(._device.static.*_?_*)))
 *(SORT_BY_NAME(SORT_BY_ALIGNMENT(._device.static.*_??_*)))
 ._device.static.1_40_
                0x0000000000110038       0x14 zephyr/drivers/interrupt_controller/libdrivers__interrupt_controller.a(intc_ioapic.c.obj)
                0x0000000000110038                __device_dts_ord_15
 ._device.static.1_40_
                0x000000000011004c       0x14 zephyr/drivers/interrupt_controller/libdrivers__interrupt_controller.a(intc_loapic.c.obj)
                0x000000000011004c                __device_dts_ord_11
 ._device.static.1_50_
                0x0000000000110060       0x28 zephyr/drivers/serial/libdrivers__serial.a(uart_ns16550.c.obj)
                0x0000000000110060                __device_dts_ord_26
                0x0000000000110074                __device_dts_ord_27
                0x0000000000110088                _device_list_end = .

initlevel_error
                0x0000000000110000        0x0
 *(SORT_BY_NAME(SORT_BY_ALIGNMENT(.z_init_[_A-Z0-9]*)))
                0x0000000000000001                ASSERT ((SIZEOF (initlevel_error) == 0x0), Undefined initialization levels used.)

app_shmem_regions
                0x0000000000110088        0x0
                0x0000000000110088                __app_shmem_regions_start = .
 *(SORT_BY_NAME(SORT_BY_ALIGNMENT(.app_regions.*)))
                0x0000000000110088                __app_shmem_regions_end = .

k_p4wq_initparam_area
                0x0000000000110088        0x0
                0x0000000000110088                _k_p4wq_initparam_list_start = .
 *(SORT_BY_NAME(SORT_BY_ALIGNMENT(._k_p4wq_initparam.static.*)))
                0x0000000000110088                _k_p4wq_initparam_list_end = .

_static_thread_data_area
                0x0000000000110088        0x0
                0x0000000000110088                __static_thread_data_list_start = .
 *(SORT_BY_NAME(SORT_BY_ALIGNMENT(.__static_thread_data.static.*)))
                0x0000000000110088                __static_thread_data_list_end = .

device_deps     0x0000000000110088        0x0
                0x0000000000110088                __device_deps_start = .
 *(SORT_BY_NAME(SORT_BY_ALIGNMENT(.__device_deps_pass2*)))
                0x0000000000110088                __device_deps_end = .

ztest           0x0000000000110088        0x0
                0x0000000000110088                _ztest_expected_result_entry_list_start = .
 *(SORT_BY_NAME(SORT_BY_ALIGNMENT(._ztest_expected_result_entry.static.*)))
                0x0000000000110088                _ztest_expected_result_entry_list_end = .
                0x0000000000110088                _ztest_suite_node_list_start = .
 *(SORT_BY_NAME(SORT_BY_ALIGNMENT(._ztest_suite_node.static.*)))
                0x0000000000110088                _ztest_suite_node_list_end = .
                0x0000000000110088                _ztest_unit_test_list_start = .
 *(SORT_BY_NAME(SORT_BY_ALIGNMENT(._ztest_unit_test.static.*)))
                0x0000000000110088                _ztest_unit_test_list_end = .
                0x0000000000110088                _ztest_test_rule_list_start = .
 *(SORT_BY_NAME(SORT_BY_ALIGNMENT(._ztest_test_rule.static.*)))
                0x0000000000110088                _ztest_test_rule_list_end = .

ctors           0x0000000000110088        0xc
                0x0000000000110088                . = ALIGN (0x4)
                0x0000000000110088                __ZEPHYR_CTOR_LIST__ = .
                0x0000000000110088        0x4 LONG 0x0 (((__ZEPHYR_CTOR_END__ - __ZEPHYR_CTOR_LIST__) / 0x4) - 0x2)
 *(SORT_BY_NAME(SORT_BY_ALIGNMENT(.ctors*)))
                0x000000000011008c                __CTOR_LIST__ = .
                0x000000000011008c        0x4 LONG 0x0
                0x0000000000110090                __ZEPHYR_CTOR_END__ = .
                0x0000000000110090        0x4 LONG 0x0
                0x0000000000110094                __CTOR_END__ = .

init_array      0x0000000000110094        0x0
                0x0000000000110094                . = ALIGN (0x4)
                0x0000000000110094                __init_array_start = .
                0x0000000000110094                __init_array_end = .
                0x0000000000110094                __zephyr_init_array_start = .
 *(SORT_BY_NAME(SORT_BY_ALIGNMENT(.init_array*)))
                0x0000000000110094                __zephyr_init_array_end = .

bt_l2cap_fixed_chan_area
                0x0000000000110094        0x0
                0x0000000000110094                _bt_l2cap_fixed_chan_list_start = .
 *(SORT_BY_NAME(SORT_BY_ALIGNMENT(._bt_l2cap_fixed_chan.static.*)))
                0x0000000000110094                _bt_l2cap_fixed_chan_list_end = .

bt_gatt_service_static_area
                0x0000000000110094        0x0
                0x0000000000110094                _bt_gatt_service_static_list_start = .
 *(SORT_BY_NAME(SORT_BY_ALIGNMENT(._bt_gatt_service_static.static.*)))
                0x0000000000110094                _bt_gatt_service_static_list_end = .

log_strings_area
                0x0000000000110094        0x0
                0x0000000000110094                _log_strings_list_start = .
 *(SORT_BY_NAME(SORT_BY_ALIGNMENT(._log_strings.static.*)))
                0x0000000000110094                _log_strings_list_end = .

log_const_area  0x0000000000110094        0x0
                0x0000000000110094                _log_const_list_start = .
 *(SORT_BY_NAME(SORT_BY_ALIGNMENT(._log_const.static.*)))
                0x0000000000110094                _log_const_list_end = .

log_backend_area
                0x0000000000110094        0x0
                0x0000000000110094                _log_backend_list_start = .
 *(SORT_BY_NAME(SORT_BY_ALIGNMENT(._log_backend.static.*)))
                0x0000000000110094                _log_backend_list_end = .

log_link_area   0x0000000000110094        0x0
                0x0000000000110094                _log_link_list_start = .
 *(SORT_BY_NAME(SORT_BY_ALIGNMENT(._log_link.static.*)))
                0x0000000000110094                _log_link_list_end = .

tracing_backend_area
                0x0000000000110094        0x0
                0x0000000000110094                _tracing_backend_list_start = .
 *(SORT_BY_NAME(SORT_BY_ALIGNMENT(._tracing_backend.static.*)))
                0x0000000000110094                _tracing_backend_list_end = .

zephyr_dbg_info
 *(SORT_BY_ALIGNMENT(.dbg_thread_info))

symbol_to_keep  0x0000000000110094        0x0
                0x0000000000110094                __symbol_to_keep_start = .
 *(SORT_BY_NAME(SORT_BY_ALIGNMENT(.symbol_to_keep*)))
                0x0000000000110094                __symbol_to_keep_end = .

shell_area      0x0000000000110094        0x0
                0x0000000000110094                _shell_list_start = .
 *(SORT_BY_NAME(SORT_BY_ALIGNMENT(._shell.static.*)))
                0x0000000000110094                _shell_list_end = .

shell_root_cmds_area
                0x0000000000110094        0x0
                0x0000000000110094                _shell_root_cmds_list_start = .
 *(SORT_BY_NAME(SORT_BY_ALIGNMENT(._shell_root_cmds.static.*)))
                0x0000000000110094                _shell_root_cmds_list_end = .

shell_subcmds_area
                0x0000000000110094        0x0
                0x0000000000110094                _shell_subcmds_list_start = .
 *(SORT_BY_NAME(SORT_BY_ALIGNMENT(._shell_subcmds.static.*)))
                0x0000000000110094                _shell_subcmds_list_end = .

shell_dynamic_subcmds_area
                0x0000000000110094        0x0
                0x0000000000110094                _shell_dynamic_subcmds_list_start = .
 *(SORT_BY_NAME(SORT_BY_ALIGNMENT(._shell_dynamic_subcmds.static.*)))
                0x0000000000110094                _shell_dynamic_subcmds_list_end = .

cfb_font_area   0x0000000000110094        0x0
                0x0000000000110094                _cfb_font_list_start = .
 *(SORT_BY_NAME(SORT_BY_ALIGNMENT(._cfb_font.static.*)))
                0x0000000000110094                _cfb_font_list_end = .

rodata          0x00000000001100a0     0x2430
 *(SORT_BY_ALIGNMENT(.rodata))
 .rodata        0x00000000001100a0     0x105c app/libapp.a(pressure.cpp.obj)
 .rodata        0x00000000001110fc       0x3c /Users/niccologatti/zephyr-sdk-0.16.3/x86_64-zephyr-elf/bin/../lib/gcc/x86_64-zephyr-elf/12.2.0/32/soft-float/libgcc.a(divdf3.o)
 *(SORT_BY_ALIGNMENT(.rodata.*))
 *fill*         0x0000000000111138        0x8 
 .rodata._ZN10zephyrtest2smL6statesE
                0x0000000000111140       0x30 app/libapp.a(state_machine.cpp.obj)
 *fill*         0x0000000000111170       0x10 
 .rodata._ctype_
                0x0000000000111180      0x101 /Users/niccologatti/zephyr-sdk-0.16.3/x86_64-zephyr-elf/x86_64-zephyr-elf/lib/32/soft-float/libc.a(lib_a-ctype_.o)
                0x0000000000111180                _ctype_
 *fill*         0x0000000000111281       0x1f 
 .rodata._ctype_b
                0x00000000001112a0      0x180 /Users/niccologatti/zephyr-sdk-0.16.3/x86_64-zephyr-elf/x86_64-zephyr-elf/lib/32/soft-float/libc.a(lib_a-ctype_.o)
                0x00000000001112a0                _ctype_b
 .rodata.__mprec_bigtens
                0x0000000000111420       0x28 /Users/niccologatti/zephyr-sdk-0.16.3/x86_64-zephyr-elf/x86_64-zephyr-elf/lib/32/soft-float/libc.a(lib_a-mprec.o)
                0x0000000000111420                __mprec_bigtens
 *fill*         0x0000000000111448       0x18 
 .rodata.__mprec_tens
                0x0000000000111460       0xc8 /Users/niccologatti/zephyr-sdk-0.16.3/x86_64-zephyr-elf/x86_64-zephyr-elf/lib/32/soft-float/libc.a(lib_a-mprec.o)
                0x0000000000111460                __mprec_tens
 .rodata._gdt_rom
                0x0000000000111528       0x18 zephyr/arch/arch/x86/core/libarch__x86__core.a(crt0.S.obj)
                0x0000000000111528                _gdt
 .rodata.CSWTCH.2
                0x0000000000111540        0xc app/libapp.a(common.cpp.obj)
 .rodata.z_cbvprintf_impl
                0x000000000011154c       0xc0 zephyr/libzephyr.a(cbprintf_complete.c.obj)
 .rodata.CSWTCH.17
                0x000000000011160c        0x5 zephyr/arch/arch/x86/core/libarch__x86__core.a(multiboot.c.obj)
 *fill*         0x0000000000111611        0x3 
 .rodata.uart_ns16550_dev_cfg_1
                0x0000000000111614       0x18 zephyr/drivers/serial/libdrivers__serial.a(uart_ns16550.c.obj)
 .rodata.uart_ns16550_dev_cfg_0
                0x000000000011162c       0x18 zephyr/drivers/serial/libdrivers__serial.a(uart_ns16550.c.obj)
 .rodata.uart_ns16550_driver_api
                0x0000000000111644       0x14 zephyr/drivers/serial/libdrivers__serial.a(uart_ns16550.c.obj)
 .rodata._k_neg_eagain
                0x0000000000111658        0x4 zephyr/kernel/libkernel.a(errno.c.obj)
                0x0000000000111658                _k_neg_eagain
 .rodata.levels.0
                0x000000000011165c       0x18 zephyr/kernel/libkernel.a(init.c.obj)
 .rodata._vfprintf_r
                0x0000000000111674      0x16c /Users/niccologatti/zephyr-sdk-0.16.3/x86_64-zephyr-elf/x86_64-zephyr-elf/lib/32/soft-float/libc.a(lib_a-vfprintf.o)
 .rodata.zeroes.0
                0x00000000001117e0       0x10 /Users/niccologatti/zephyr-sdk-0.16.3/x86_64-zephyr-elf/x86_64-zephyr-elf/lib/32/soft-float/libc.a(lib_a-vfprintf.o)
 .rodata.blanks.1
                0x00000000001117f0       0x10 /Users/niccologatti/zephyr-sdk-0.16.3/x86_64-zephyr-elf/x86_64-zephyr-elf/lib/32/soft-float/libc.a(lib_a-vfprintf.o)
 .rodata._dtoa_r.str1.4
                0x0000000000111800       0x70 /Users/niccologatti/zephyr-sdk-0.16.3/x86_64-zephyr-elf/x86_64-zephyr-elf/lib/32/soft-float/libc.a(lib_a-dtoa.o)
 .rodata.__multadd.str1.4
                0x0000000000111870       0x71 /Users/niccologatti/zephyr-sdk-0.16.3/x86_64-zephyr-elf/x86_64-zephyr-elf/lib/32/soft-float/libc.a(lib_a-mprec.o)
 *fill*         0x00000000001118e1        0x3 
 .rodata.p05.0  0x00000000001118e4        0xc /Users/niccologatti/zephyr-sdk-0.16.3/x86_64-zephyr-elf/x86_64-zephyr-elf/lib/32/soft-float/libc.a(lib_a-mprec.o)
 .rodata._vfiprintf_r
                0x00000000001118f0      0x16c /Users/niccologatti/zephyr-sdk-0.16.3/x86_64-zephyr-elf/x86_64-zephyr-elf/lib/32/soft-float/libc.a(lib_a-vfiprintf.o)
 .rodata.zeroes.0
                0x0000000000111a5c       0x10 /Users/niccologatti/zephyr-sdk-0.16.3/x86_64-zephyr-elf/x86_64-zephyr-elf/lib/32/soft-float/libc.a(lib_a-vfiprintf.o)
 .rodata.blanks.1
                0x0000000000111a6c       0x10 /Users/niccologatti/zephyr-sdk-0.16.3/x86_64-zephyr-elf/x86_64-zephyr-elf/lib/32/soft-float/libc.a(lib_a-vfiprintf.o)
 .rodata.__assert_func.str1.4
                0x0000000000111a7c       0x2f /Users/niccologatti/zephyr-sdk-0.16.3/x86_64-zephyr-elf/x86_64-zephyr-elf/lib/32/soft-float/libc.a(lib_a-assert.o)
 .rodata._ZN10zephyrtest6common13stateToStringE5state.str1.1
                0x0000000000111aab        0xe app/libapp.a(common.cpp.obj)
 .rodata.str1.1
                0x0000000000111ab9       0x15 app/libapp.a(common.cpp.obj)
 .rodata._ZN10zephyrtest10controller10ControllerC2ERNS_2sm12StateMachineE.str1.1
                0x0000000000111ace        0xa app/libapp.a(controller.cpp.obj)
 .rodata._ZN10zephyrtest10controller10Controller3runEv.str1.1
                0x0000000000111ad8        0xa app/libapp.a(controller.cpp.obj)
                                          0x2 (size before relaxing)
 .rodata.main.str1.1
                0x0000000000111ad8       0x1a app/libapp.a(main.cpp.obj)
 .rodata._ZN10zephyrtest2sm12StateMachine10initializeEPv.str1.1
                0x0000000000111af2        0x9 app/libapp.a(state_machine.cpp.obj)
 .rodata._ZN10zephyrtest2sm12StateMachine4waitEPv.str1.1
                0x0000000000111afb       0x20 app/libapp.a(state_machine.cpp.obj)
 .rodata._ZN10zephyrtest2sm12StateMachine4doneEPv.str1.1
                0x0000000000111b1b        0x9 app/libapp.a(state_machine.cpp.obj)
 .rodata.z_cbvprintf_impl.str1.1
                0x0000000000111b24        0x6 zephyr/libzephyr.a(cbprintf_complete.c.obj)
 .rodata.z_x86_early_serial_init.str1.1
                0x0000000000111b2a       0x31 zephyr/arch/arch/x86/core/libarch__x86__core.a(early_serial.c.obj)
 .rodata.abort.str1.1
                0x0000000000111b5b        0x9 zephyr/lib/libc/common/liblib__libc__common.a(abort.c.obj)
 .rodata.str1.1
                0x0000000000111b64       0x10 zephyr/drivers/interrupt_controller/libdrivers__interrupt_controller.a(intc_ioapic.c.obj)
 .rodata.str1.1
                0x0000000000111b74       0x10 zephyr/drivers/interrupt_controller/libdrivers__interrupt_controller.a(intc_loapic.c.obj)
 .rodata.str1.1
                0x0000000000111b84       0x12 zephyr/drivers/serial/libdrivers__serial.a(uart_ns16550.c.obj)
 .rodata.z_cstart.str1.1
                0x0000000000111b96        0x5 zephyr/kernel/libkernel.a(init.c.obj)
 .rodata.boot_banner.str1.1
                0x0000000000111b9b       0x41 zephyr/kernel/libkernel.a(banner.c.obj)
 .rodata._vfprintf_r.str1.1
                0x0000000000111bdc       0x39 /Users/niccologatti/zephyr-sdk-0.16.3/x86_64-zephyr-elf/x86_64-zephyr-elf/lib/32/soft-float/libc.a(lib_a-vfprintf.o)
                                         0x3b (size before relaxing)
 .rodata._dtoa_r.str1.1
                0x0000000000111c15       0x1e /Users/niccologatti/zephyr-sdk-0.16.3/x86_64-zephyr-elf/x86_64-zephyr-elf/lib/32/soft-float/libc.a(lib_a-dtoa.o)
                                         0x20 (size before relaxing)
 .rodata.__multadd.str1.1
                0x0000000000111c33       0x11 /Users/niccologatti/zephyr-sdk-0.16.3/x86_64-zephyr-elf/x86_64-zephyr-elf/lib/32/soft-float/libc.a(lib_a-mprec.o)
 .rodata._vfiprintf_r.str1.1
                0x0000000000111c33       0x29 /Users/niccologatti/zephyr-sdk-0.16.3/x86_64-zephyr-elf/x86_64-zephyr-elf/lib/32/soft-float/libc.a(lib_a-vfiprintf.o)
 .rodata.__assert_func.str1.1
                0x0000000000111c33        0xd /Users/niccologatti/zephyr-sdk-0.16.3/x86_64-zephyr-elf/x86_64-zephyr-elf/lib/32/soft-float/libc.a(lib_a-assert.o)
                                          0xe (size before relaxing)
 .rodata._setlocale_r.str1.1
                0x0000000000111c40        0x8 /Users/niccologatti/zephyr-sdk-0.16.3/x86_64-zephyr-elf/x86_64-zephyr-elf/lib/32/soft-float/libc.a(lib_a-locale.o)
                                          0x9 (size before relaxing)
 .rodata.str1.1
                0x0000000000111c48        0x2 /Users/niccologatti/zephyr-sdk-0.16.3/x86_64-zephyr-elf/x86_64-zephyr-elf/lib/32/soft-float/libc.a(lib_a-locale.o)
 *(SORT_BY_ALIGNMENT(.gnu.linkonce.r.*))
                0x0000000000111c60                . = ALIGN (0x8)
 *fill*         0x0000000000111c4a        0x6 
                0x0000000000111c50                _idt_base_address = .
 *(SORT_BY_ALIGNMENT(staticIdt))
 staticIdt      0x0000000000111c50      0x800 zephyr/arch/arch/x86/staticIdt.o
                0x0000000000111c50                _binary_staticIdt_bin_start
                0x0000000000112450                _binary_staticIdt_bin_end
                0x0000000000112450                . = ALIGN (0x4)
                0x0000000000112450                _irq_to_interrupt_vector = .
 *(SORT_BY_ALIGNMENT(irq_int_vector_map))
 irq_int_vector_map
                0x0000000000112450       0x80 zephyr/arch/arch/x86/irq_int_vector_map.o
                0x0000000000112450                _binary_irq_int_vector_map_bin_start
                0x00000000001124d0                _binary_irq_int_vector_map_bin_end

.gcc_except_table
 *(SORT_BY_ALIGNMENT(.gcc_except_table) SORT_BY_ALIGNMENT(.gcc_except_table.*))
                0x0000000000113000                . = ALIGN (0x1000)
                0x0000000000113000                __rodata_region_end = .
                0x0000000000003000                __rodata_region_size = (__rodata_region_end - __rodata_region_start)

/DISCARD/
 *(SORT_BY_ALIGNMENT(.got.plt))
 *(SORT_BY_ALIGNMENT(.igot.plt))
 *(SORT_BY_ALIGNMENT(.got))
 *(SORT_BY_ALIGNMENT(.igot))

bss             0x00000000001124e0     0xae70
                0x0000000000113000                . = ALIGN (0x1000)
 *fill*         0x00000000001124e0      0xb20 
                0x0000000000113000                _image_ram_start = .
                0x0000000000113000                . = ALIGN (0x4)
                0x0000000000113000                __kernel_ram_start = .
                0x0000000000113000                __bss_start = .
 *(SORT_BY_ALIGNMENT(.bss))
 *(SORT_BY_ALIGNMENT(.bss.*))
 .bss.multiboot_info
                0x0000000000113000       0x74 zephyr/arch/arch/x86/core/libarch__x86__core.a(multiboot.c.obj)
                0x0000000000113000                multiboot_info
 *fill*         0x0000000000113074        0xc 
 .bss.z_idle_threads
                0x0000000000113080       0x50 zephyr/kernel/libkernel.a(init.c.obj)
                0x0000000000113080                z_idle_threads
 *fill*         0x00000000001130d0       0x10 
 .bss.z_main_thread
                0x00000000001130e0       0x50 zephyr/kernel/libkernel.a(init.c.obj)
                0x00000000001130e0                z_main_thread
 *fill*         0x0000000000113130       0x10 
 .bss._kernel   0x0000000000113140       0x28 zephyr/kernel/libkernel.a(init.c.obj)
                0x0000000000113140                _kernel
 *fill*         0x0000000000113168       0x18 
 .bss._sys_bitarray_bundles_virt_region_bitmap
                0x0000000000113180      0x100 zephyr/kernel/libkernel.a(mmu.c.obj)
 .bss.z_page_frames
                0x0000000000113280     0xa000 zephyr/kernel/libkernel.a(mmu.c.obj)
                0x0000000000113280                z_page_frames
 .bss.__malloc_current_mallinfo
                0x000000000011d280       0x28 /Users/niccologatti/zephyr-sdk-0.16.3/x86_64-zephyr-elf/x86_64-zephyr-elf/lib/32/soft-float/libc.a(lib_a-mallocr.o)
                0x000000000011d280                __malloc_current_mallinfo
 .bss.last_tick
                0x000000000011d2a8        0x8 zephyr/drivers/timer/libdrivers__timer.a(hpet.c.obj)
 .bss.last_count
                0x000000000011d2b0        0x8 zephyr/drivers/timer/libdrivers__timer.a(hpet.c.obj)
 .bss.curr_tick
                0x000000000011d2b8        0x8 zephyr/kernel/libkernel.a(timeout.c.obj)
 .bss._ZN10zephyrtest2smL5s_objE
                0x000000000011d2c0       0x14 app/libapp.a(state_machine.cpp.obj)
 .bss.x86_cpu_boot_arg
                0x000000000011d2d4        0x8 zephyr/arch/arch/x86/core/libarch__x86__core.a(prep_c.c.obj)
                0x000000000011d2d4                x86_cpu_boot_arg
 .bss.x86_memmap_source
                0x000000000011d2dc        0x4 zephyr/arch/arch/x86/core/libarch__x86__core.a(memmap.c.obj)
                0x000000000011d2dc                x86_memmap_source
 .bss.suppressed_chars
                0x000000000011d2e0        0x4 zephyr/arch/arch/x86/core/libarch__x86__core.a(early_serial.c.obj)
 .bss.heap_sz   0x000000000011d2e4        0x4 zephyr/lib/libc/newlib/liblib__libc__newlib.a(libc-hooks.c.obj)
 .bss.max_heap_size
                0x000000000011d2e8        0x4 zephyr/lib/libc/newlib/liblib__libc__newlib.a(libc-hooks.c.obj)
 .bss.heap_base
                0x000000000011d2ec        0x4 zephyr/lib/libc/newlib/liblib__libc__newlib.a(libc-hooks.c.obj)
 .bss.ioapic_rtes
                0x000000000011d2f0        0x4 zephyr/drivers/interrupt_controller/libdrivers__interrupt_controller.a(intc_ioapic.c.obj)
 .bss.z_mmio_ram__ioapic_regs
                0x000000000011d2f4        0x4 zephyr/drivers/interrupt_controller/libdrivers__interrupt_controller.a(intc_ioapic.c.obj)
 .bss.z_mmio_ram__loapic_regs
                0x000000000011d2f8        0x4 zephyr/drivers/interrupt_controller/libdrivers__interrupt_controller.a(intc_loapic.c.obj)
                0x000000000011d2f8                z_mmio_ram__loapic_regs
 .bss.cyc_per_tick
                0x000000000011d2fc        0x4 zephyr/drivers/timer/libdrivers__timer.a(hpet.c.obj)
 .bss.last_elapsed
                0x000000000011d300        0x4 zephyr/drivers/timer/libdrivers__timer.a(hpet.c.obj)
 .bss.z_mmio_ram__hpet_regs
                0x000000000011d304        0x4 zephyr/drivers/timer/libdrivers__timer.a(hpet.c.obj)
 .bss._cpus_active
                0x000000000011d308        0x4 zephyr/kernel/libkernel.a(init.c.obj)
                0x000000000011d308                _cpus_active
 .bss.slice_timeouts
                0x000000000011d30c       0x14 zephyr/kernel/libkernel.a(sched.c.obj)
 .bss.slice_max_prio
                0x000000000011d320        0x4 zephyr/kernel/libkernel.a(sched.c.obj)
 .bss.slice_ticks
                0x000000000011d324        0x4 zephyr/kernel/libkernel.a(sched.c.obj)
 .bss.announce_remaining
                0x000000000011d328        0x4 zephyr/kernel/libkernel.a(timeout.c.obj)
 .bss.z_free_page_count
                0x000000000011d32c        0x4 zephyr/kernel/libkernel.a(mmu.c.obj)
                0x000000000011d32c                z_free_page_count
 .bss.free_page_frame_list
                0x000000000011d330        0x8 zephyr/kernel/libkernel.a(mmu.c.obj)
 .bss.__malloc_max_total_mem
                0x000000000011d338        0x4 /Users/niccologatti/zephyr-sdk-0.16.3/x86_64-zephyr-elf/x86_64-zephyr-elf/lib/32/soft-float/libc.a(lib_a-mallocr.o)
                0x000000000011d338                __malloc_max_total_mem
 .bss.__malloc_max_sbrked_mem
                0x000000000011d33c        0x4 /Users/niccologatti/zephyr-sdk-0.16.3/x86_64-zephyr-elf/x86_64-zephyr-elf/lib/32/soft-float/libc.a(lib_a-mallocr.o)
                0x000000000011d33c                __malloc_max_sbrked_mem
 .bss.__malloc_top_pad
                0x000000000011d340        0x4 /Users/niccologatti/zephyr-sdk-0.16.3/x86_64-zephyr-elf/x86_64-zephyr-elf/lib/32/soft-float/libc.a(lib_a-mallocr.o)
                0x000000000011d340                __malloc_top_pad
 .bss.errno     0x000000000011d344        0x4 /Users/niccologatti/zephyr-sdk-0.16.3/x86_64-zephyr-elf/x86_64-zephyr-elf/lib/32/soft-float/libc.a(lib_a-reent.o)
                0x000000000011d344                errno
 .bss.early_serial_init_done
                0x000000000011d348        0x1 zephyr/arch/arch/x86/core/libarch__x86__core.a(early_serial.c.obj)
 .bss.z_sys_post_kernel
                0x000000000011d349        0x1 zephyr/kernel/libkernel.a(init.c.obj)
                0x000000000011d349                z_sys_post_kernel
 .bss.lock      0x000000000011d34a        0x1 zephyr/kernel/libkernel.a(mutex.c.obj)
 .bss.slice_expired
                0x000000000011d34b        0x1 zephyr/kernel/libkernel.a(sched.c.obj)
 .bss.sched_spinlock
                0x000000000011d34c        0x1 zephyr/kernel/libkernel.a(sched.c.obj)
                0x000000000011d34c                sched_spinlock
 .bss.virt_region_inited
                0x000000000011d34d        0x1 zephyr/kernel/libkernel.a(mmu.c.obj)
 *(SORT_BY_ALIGNMENT(COMMON))
 *(SORT_BY_ALIGNMENT(.kernel_bss.*))
                0x000000000011d350                . = ALIGN (0x4)
 *fill*         0x000000000011d34e        0x2 
                0x000000000011d350                __bss_end = .
                0x00000000000028d4                __bss_num_words = ((__bss_end - __bss_start) >> 0x2)

noinit          0x000000000011d350     0x219c
 *(SORT_BY_ALIGNMENT(.noinit))
 *(SORT_BY_ALIGNMENT(.noinit.*))
 .noinit."CMAKE_SOURCE_DIR/src/controller/controller.cpp".0
                0x000000000011d350     0x145c app/libapp.a(controller.cpp.obj)
                0x000000000011d350                sm_stack_area
 .noinit."WEST_TOPDIR/zephyr/kernel/init.c".2
                0x000000000011e7ac      0x800 zephyr/kernel/libkernel.a(init.c.obj)
                0x000000000011e7ac                z_interrupt_stacks
 .noinit."WEST_TOPDIR/zephyr/kernel/init.c".1
                0x000000000011efac      0x140 zephyr/kernel/libkernel.a(init.c.obj)
 .noinit."WEST_TOPDIR/zephyr/kernel/init.c".0
                0x000000000011f0ec      0x400 zephyr/kernel/libkernel.a(init.c.obj)
                0x000000000011f0ec                z_main_stack
                0x0000000000120000                . = ALIGN (0x1000)

datas           0x000000000011f500      0xd80
                0x000000000011f500                __data_region_start = .
                0x000000000011f500                __data_start = .
 *(SORT_BY_ALIGNMENT(.data))
 *(SORT_BY_ALIGNMENT(.data.*))
 .data.x86_memmap
                0x000000000011f500      0x500 zephyr/arch/arch/x86/core/libarch__x86__core.a(memmap.c.obj)
                0x000000000011f500                x86_memmap
 .data.__malloc_av_
                0x000000000011fa00      0x408 /Users/niccologatti/zephyr-sdk-0.16.3/x86_64-zephyr-elf/x86_64-zephyr-elf/lib/32/soft-float/libc.a(lib_a-mallocr.o)
                0x000000000011fa00                __malloc_av_
 *fill*         0x000000000011fe08       0x18 
 .data.impure_data
                0x000000000011fe20      0x290 /Users/niccologatti/zephyr-sdk-0.16.3/x86_64-zephyr-elf/x86_64-zephyr-elf/lib/32/soft-float/libc.a(lib_a-impure.o)
 *fill*         0x00000000001200b0       0x10 
 .data.__global_locale
                0x00000000001200c0      0x16c /Users/niccologatti/zephyr-sdk-0.16.3/x86_64-zephyr-elf/x86_64-zephyr-elf/lib/32/soft-float/libc.a(lib_a-locale.o)
                0x00000000001200c0                __global_locale
 .data._char_out
                0x000000000012022c        0x4 zephyr/libzephyr.a(printk.c.obj)
                0x000000000012022c                _char_out
 .data._stdin_hook
                0x0000000000120230        0x4 zephyr/lib/libc/newlib/liblib__libc__newlib.a(libc-hooks.c.obj)
 .data._stdout_hook
                0x0000000000120234        0x4 zephyr/lib/libc/newlib/liblib__libc__newlib.a(libc-hooks.c.obj)
 .data.uart_ns16550_dev_data_1
                0x0000000000120238       0x10 zephyr/drivers/serial/libdrivers__serial.a(uart_ns16550.c.obj)
 .data.uart_ns16550_dev_data_0
                0x0000000000120248       0x10 zephyr/drivers/serial/libdrivers__serial.a(uart_ns16550.c.obj)
 .data.z_clock_hw_cycles_per_sec
                0x0000000000120258        0x4 zephyr/kernel/libkernel.a(timeout.c.obj)
                0x0000000000120258                z_clock_hw_cycles_per_sec
 .data.timeout_list
                0x000000000012025c        0x8 zephyr/kernel/libkernel.a(timeout.c.obj)
 .data.virt_region_bitmap
                0x0000000000120264       0x10 zephyr/kernel/libkernel.a(mmu.c.obj)
 .data.__malloc_sbrk_base
                0x0000000000120274        0x4 /Users/niccologatti/zephyr-sdk-0.16.3/x86_64-zephyr-elf/x86_64-zephyr-elf/lib/32/soft-float/libc.a(lib_a-mallocr.o)
                0x0000000000120274                __malloc_sbrk_base
 .data.__malloc_trim_threshold
                0x0000000000120278        0x4 /Users/niccologatti/zephyr-sdk-0.16.3/x86_64-zephyr-elf/x86_64-zephyr-elf/lib/32/soft-float/libc.a(lib_a-mallocr.o)
                0x0000000000120278                __malloc_trim_threshold
 .data._impure_ptr
                0x000000000012027c        0x4 /Users/niccologatti/zephyr-sdk-0.16.3/x86_64-zephyr-elf/x86_64-zephyr-elf/lib/32/soft-float/libc.a(lib_a-impure.o)
                0x000000000012027c                _impure_ptr
 *(SORT_BY_ALIGNMENT(.kernel.*))
                0x0000000000120280                . = ALIGN (0x4)
                0x0000000000120280                __data_end = .
                0x0000000000000d80                __data_size = (__data_end - __data_start)
                0x000000000011f500                __data_load_start = LOADADDR (datas)
                0x000000000011f500                __data_region_load_start = LOADADDR (datas)

.gcc_except_table
 *(SORT_BY_ALIGNMENT(.gcc_except_table) SORT_BY_ALIGNMENT(.gcc_except_table.*))

device_states   0x0000000000120280        0x8
                0x0000000000120280                __device_states_start = .
 *(SORT_BY_ALIGNMENT(.z_devstate))
 .z_devstate    0x0000000000120280        0x2 zephyr/drivers/interrupt_controller/libdrivers__interrupt_controller.a(intc_ioapic.c.obj)
 .z_devstate    0x0000000000120282        0x2 zephyr/drivers/interrupt_controller/libdrivers__interrupt_controller.a(intc_loapic.c.obj)
 .z_devstate    0x0000000000120284        0x4 zephyr/drivers/serial/libdrivers__serial.a(uart_ns16550.c.obj)
 *(SORT_BY_ALIGNMENT(.z_devstate.*))
                0x0000000000120288                __device_states_end = .

log_mpsc_pbuf_area
                0x0000000000120288        0x0
                0x0000000000120288                _log_mpsc_pbuf_list_start = .
 *(SORT_BY_NAME(SORT_BY_ALIGNMENT(._log_mpsc_pbuf.static.*)))